{"logTime": "1206/154734", "correlationVector":"C98622AB402149DB856E691B0B1186CC","action":"FETCH_UX_CONFIG", "result":""}
{"logTime": "1206/164734", "correlationVector":"4187EE1E508F42C1875BD1301B5A89E4","action":"FETCH_UX_CONFIG", "result":""}
{"logTime": "1207/205154", "correlationVector":"XTDmuR7fQVCGWWbusIr8XX","action":"EXTENSION_UPDATE_SERVICE", "result":""}
{"logTime": "1207/205156", "correlationVector":"rHzVXigHax1raHZTzeUedP","action":"EXTENSION_UPDATE_SERVICE", "result":""}
{"logTime": "1207/205156", "correlationVector":"zDAlCk2ucrAT5g+9xx2Chf","action":"EXTENSION_UPDATE_SERVICE", "result":""}
{"logTime": "1207/215155", "correlationVector":"B5C155BFCEEC416C840885205197E1BB","action":"FETCH_UX_CONFIG", "result":""}
{"logTime": "1207/225155", "correlationVector":"D7D2E8E7EE0F4536B686B95B6A65D8BD","action":"FETCH_UX_CONFIG", "result":""}
{"logTime": "1207/235155", "correlationVector":"FF24D088FD9D4C56B326B571773EA8D6","action":"FETCH_UX_CONFIG", "result":""}
{"logTime": "1208/005155", "correlationVector":"7195A3226F3C466FAC227D120E5038CE","action":"FETCH_UX_CONFIG", "result":""}
{"logTime": "1208/012620", "correlationVector":"C2sX2D9JHCqoFb/sqfoS8+","action":"EXTENSION_UPDATE_SERVICE", "result":""}
{"logTime": "1208/015155", "correlationVector":"BD32220E9CEE40CC8A2D53F61F8002B3","action":"FETCH_UX_CONFIG", "result":""}
{"logTime": "1208/025156", "correlationVector":"984DD5B1F0B14FB896D0BFD8FE328695","action":"FETCH_UX_CONFIG", "result":""}
{"logTime": "1208/025700", "correlationVector":"E17F5AF1E761423AA3304FB3E10CFC9C","action":"FETCH_UX_CONFIG", "result":""}
{"logTime": "1208/131421", "correlationVector":"DC79E6DDC8E94AF2A95EB33C87E9D735","action":"FETCH_UX_CONFIG", "result":""}
{"logTime": "1208/131451", "correlationVector":"mOvkqsBPDcGoAx8mmLdoDD","action":"EXTENSION_UPDATE_SERVICE", "result":""}
{"logTime": "1208/141422", "correlationVector":"3F4EC2F171664DE1A7C84FE148CB88AC","action":"FETCH_UX_CONFIG", "result":""}
{"logTime": "1208/141451", "correlationVector":"m1egfil7qoUl6ALeRzqVhD","action":"EXTENSION_UPDATE_SERVICE", "result":""}
{"logTime": "1208/151421", "correlationVector":"6526B9317D924D039866E2DAD83C5904","action":"FETCH_UX_CONFIG", "result":""}
{"logTime": "1208/162456", "correlationVector":"C2D119E865A248969B5DB6332DFF2CEC","action":"FETCH_UX_CONFIG", "result":""}
{"logTime": "1208/162524", "correlationVector":"pu9EBIdPmHViz/5P4DgbJg","action":"EXTENSION_UPDATE_SERVICE", "result":""}
{"logTime": "1209/005927", "correlationVector":"04iOFGC/hZ5XcBEto6hjXb","action":"EXTENSION_UPDATE_SERVICE", "result":""}
{"logTime": "1209/015928", "correlationVector":"DF29C815133444CFB11D3D5AE7F911FF","action":"FETCH_UX_CONFIG", "result":""}
{"logTime": "1209/015958", "correlationVector":"WXsFNVwwWhEGW4fYUX9c2M","action":"EXTENSION_UPDATE_SERVICE", "result":""}
{"logTime": "1209/025928", "correlationVector":"0C2A579A1AA34457A6383C1DF5DEA924","action":"FETCH_UX_CONFIG", "result":""}
{"logTime": "1209/035955", "correlationVector":"E3DA329D60434890AFA1C4D2312AD380","action":"FETCH_UX_CONFIG", "result":""}
{"logTime": "1209/045954", "correlationVector":"5E5F3E2F6530499EA2A71F7F7A1CA08D","action":"FETCH_UX_CONFIG", "result":""}
{"logTime": "1209/055954", "correlationVector":"6500CA57FBFA47B5B604652477A7A29F","action":"FETCH_UX_CONFIG", "result":""}
{"logTime": "1209/061153", "correlationVector":"1ygGeWrMhNAkSeax6ooyoi","action":"EXTENSION_UPDATE_SERVICE", "result":""}
{"logTime": "1209/065954", "correlationVector":"7BDA8EE1591440AD830EF2EE0BBD2C5A","action":"FETCH_UX_CONFIG", "result":""}
{"logTime": "1209/075955", "correlationVector":"D58840EDAB7A484AAD2CE5B81392A679","action":"FETCH_UX_CONFIG", "result":""}
{"logTime": "1209/080025", "correlationVector":"QUKdT68EqzsYc5oaqFL/NY","action":"EXTENSION_UPDATE_SERVICE", "result":""}
{"logTime": "1209/085955", "correlationVector":"BB9E4DE3699C4B99AE1B30432763B66C","action":"FETCH_UX_CONFIG", "result":""}
{"logTime": "1209/110947", "correlationVector":"64D757D70AC14C4A855EF3EC5E1DF26C","action":"FETCH_UX_CONFIG", "result":""}
{"logTime": "1209/120947", "correlationVector":"CF1A672D83E94A61AD56D5D788612083","action":"FETCH_UX_CONFIG", "result":""}
{"logTime": "1209/130947", "correlationVector":"6C42E192B3EA4C73A75F1390BD95DE99","action":"FETCH_UX_CONFIG", "result":""}
{"logTime": "1209/132016", "correlationVector":"11kjM06/uMM+RXJxWxtCSm","action":"EXTENSION_UPDATE_SERVICE", "result":""}
{"logTime": "1209/140947", "correlationVector":"67E9726D1AB840DCB13845AB1F2D5B03","action":"FETCH_UX_CONFIG", "result":""}
{"logTime": "1210/001832", "correlationVector":"r2pKIYEZ8107xTLqfyzBCs","action":"EXTENSION_UPDATE_SERVICE", "result":""}
{"logTime": "1210/001833", "correlationVector":"8L9uI/UFBqOsDm88yh/U6D","action":"EXTENSION_UPDATE_SERVICE", "result":""}
{"logTime": "1210/010233", "correlationVector":"9C077FA67A65453488DACB40C8097B04","action":"FETCH_UX_CONFIG", "result":""}
{"logTime": "1210/010303", "correlationVector":"fi6jRtTuUMyiMcjwGRilaV","action":"EXTENSION_UPDATE_SERVICE", "result":""}
{"logTime": "1210/020547", "correlationVector":"6BAE8D66F91243238BB0D2E562881F06","action":"FETCH_UX_CONFIG", "result":""}
{"logTime": "1210/025457", "correlationVector":"C25955EEC55F4DF38115854571FE2FBA","action":"FETCH_UX_CONFIG", "result":""}
{"logTime": "1210/025527", "correlationVector":"Gv4SB9wc6GWvuw5nvlUwOO","action":"EXTENSION_UPDATE_SERVICE", "result":""}
{"logTime": "1210/130937", "correlationVector":"50960260FE47497F9C0330FCD61065F8","action":"FETCH_UX_CONFIG", "result":""}
{"logTime": "1210/131005", "correlationVector":"pNjlQiAXWVNvTQJwy/ZN2y","action":"EXTENSION_UPDATE_SERVICE", "result":""}
{"logTime": "1210/140937", "correlationVector":"4AE180E109564149BC1DEA4B32B6EE9F","action":"FETCH_UX_CONFIG", "result":""}
{"logTime": "1210/142748", "correlationVector":"uHvDCJvTXmW/MOr3ka4z7t","action":"EXTENSION_UPDATE_SERVICE", "result":""}
{"logTime": "1210/142748", "correlationVector":"2tPI521gsSq4VKXm77ndyf","action":"EXTENSION_UPDATE_SERVICE", "result":""}
{"logTime": "1210/142748", "correlationVector":"C3g3eXWRkEOakyDB2GxfwZ","action":"EXTENSION_UPDATE_SERVICE", "result":""}
{"logTime": "1210/161928", "correlationVector":"D094FBFBCAD043B1B4C5948E5A64AAF3","action":"FETCH_UX_CONFIG", "result":""}
{"logTime": "1211/012404", "correlationVector":"cTfnDblvPONxGDPko94FBQ","action":"EXTENSION_UPDATE_SERVICE", "result":""}
{"logTime": "1211/012405", "correlationVector":"WSvMDXUPNf/fs0ea+ZII0K","action":"EXTENSION_UPDATE_SERVICE", "result":""}
{"logTime": "1211/012405", "correlationVector":"pnXv44H3Ysm4TCaqb2GByB","action":"EXTENSION_UPDATE_SERVICE", "result":""}
{"logTime": "1211/022405", "correlationVector":"8B911323F2F44293B0FD402A1E1E3857","action":"FETCH_UX_CONFIG", "result":""}
{"logTime": "1211/032406", "correlationVector":"1EC2BB6EB87A40F2BE7E727BC8403CC3","action":"FETCH_UX_CONFIG", "result":""}
{"logTime": "1211/042405", "correlationVector":"427FE8C1AA26487C9E2284B8327D9550","action":"FETCH_UX_CONFIG", "result":""}
{"logTime": "1211/052405", "correlationVector":"ABF38B32E9474C63A6281496836D4A8E","action":"FETCH_UX_CONFIG", "result":""}
{"logTime": "1211/062405", "correlationVector":"EAFC32F2BE1F4E3B9DE063FD17EB2853","action":"FETCH_UX_CONFIG", "result":""}
{"logTime": "1211/065047", "correlationVector":"B5+cS37qsWBS6T/KVN5ZFn","action":"EXTENSION_UPDATE_SERVICE", "result":""}
{"logTime": "1211/072405", "correlationVector":"77C9AD85DD524BD5B9B2CC0EE2EE6CFB","action":"FETCH_UX_CONFIG", "result":""}
{"logTime": "1211/082405", "correlationVector":"34A039FE525F4654951924C54662DA95","action":"FETCH_UX_CONFIG", "result":""}
{"logTime": "1211/092405", "correlationVector":"FD2ADE8FFF644AD7A117C08615AEBFAA","action":"FETCH_UX_CONFIG", "result":""}
{"logTime": "1211/102405", "correlationVector":"3B22868FD217459C8ABC969693B1D690","action":"FETCH_UX_CONFIG", "result":""}
{"logTime": "1211/112405", "correlationVector":"080A8B871EBC457CBD9340CF96DFFD2E","action":"FETCH_UX_CONFIG", "result":""}
{"logTime": "1211/115714", "correlationVector":"ui3sgboFoN3nre8/ekUrM/","action":"EXTENSION_UPDATE_SERVICE", "result":""}
{"logTime": "1211/122405", "correlationVector":"B6A358BFB7544C799721210AEB887915","action":"FETCH_UX_CONFIG", "result":""}
{"logTime": "1211/132408", "correlationVector":"458164A6B17A49789869DE6BE5616AFB","action":"FETCH_UX_CONFIG", "result":""}
{"logTime": "1211/142405", "correlationVector":"E552228CEF4F4615B97AEA4FA58B4B92","action":"FETCH_UX_CONFIG", "result":""}
{"logTime": "1211/152405", "correlationVector":"06399142EF9148679C170C3108500668","action":"FETCH_UX_CONFIG", "result":""}
{"logTime": "1211/162405", "correlationVector":"6875E7ECB7084E6797B90038227BD903","action":"FETCH_UX_CONFIG", "result":""}
{"logTime": "1211/163005", "correlationVector":"362F42C153E549E79B97A648C743A004","action":"FETCH_UX_CONFIG", "result":""}
{"logTime": "1211/163035", "correlationVector":"nWFRRxPJoMyrFEFdHywubF","action":"EXTENSION_UPDATE_SERVICE", "result":""}
{"logTime": "1211/211305", "correlationVector":"ZCK/uK4SeTPU4LBPxp2SW3","action":"EXTENSION_UPDATE_SERVICE", "result":""}
{"logTime": "1211/211309", "correlationVector":"61D37355DB904436860606B8F27695CC","action":"FETCH_UX_CONFIG", "result":""}
{"logTime": "1211/221306", "correlationVector":"A2D494F788E648259D8FEA20239C30BB","action":"FETCH_UX_CONFIG", "result":""}
{"logTime": "1211/231306", "correlationVector":"F2793249B010439E84D88932B55EE325","action":"FETCH_UX_CONFIG", "result":""}
{"logTime": "1212/001306", "correlationVector":"331AFE43C8A64DCEAC9B42C373EB2DFC","action":"FETCH_UX_CONFIG", "result":""}
{"logTime": "1212/011306", "correlationVector":"3867EE7F31E243A487B6A7B34CF3AAAE","action":"FETCH_UX_CONFIG", "result":""}
{"logTime": "1212/014818", "correlationVector":"yQUntl+5v/GeE9U5XcDHm5","action":"EXTENSION_UPDATE_SERVICE", "result":""}
{"logTime": "1212/021328", "correlationVector":"941405031A7D418296573B1666520032","action":"FETCH_UX_CONFIG", "result":""}
{"logTime": "1212/084529", "correlationVector":"nxA5h6A+hZp6MTjFuBi3G1","action":"EXTENSION_UPDATE_SERVICE", "result":""}
{"logTime": "1212/084531", "correlationVector":"N9ypC0RssYqOQVC9cRujg0","action":"EXTENSION_UPDATE_SERVICE", "result":""}
{"logTime": "1212/094530", "correlationVector":"25E7079CA83940F29C8AD8CC19093BCE","action":"FETCH_UX_CONFIG", "result":""}
{"logTime": "1212/094600", "correlationVector":"3DwGcP6/mBiMWaZ9Nned+8","action":"EXTENSION_UPDATE_SERVICE", "result":""}
{"logTime": "1219/142615", "correlationVector":"43075569ACBD43C99AC4E648466D4189","action":"FETCH_UX_CONFIG", "result":""}
{"logTime": "1219/142645", "correlationVector":"FoGqLZp6cTkOsQd0kXsZ9z","action":"EXTENSION_UPDATE_SERVICE", "result":""}
{"logTime": "1219/155106", "correlationVector":"8534FB0BF9D945BC974C493AB168743F","action":"FETCH_UX_CONFIG", "result":""}
{"logTime": "0205/132924", "correlationVector":"27E0C8CD7C3D4D33AD81E4D48A417769","action":"FETCH_UX_CONFIG", "result":""}
{"logTime": "0205/133023", "correlationVector":"R0JlaPQxVVjMd8CjKS6mod","action":"EXTENSION_UPDATE_SERVICE", "result":""}
{"logTime": "0205/133230", "correlationVector":"077453C47B5B4EC794A01E5B37530885","action":"FETCH_UX_CONFIG", "result":""}
{"logTime": "0205/133259", "correlationVector":"mtg0zC3+sPREiT1PVN/sYA","action":"EXTENSION_UPDATE_SERVICE", "result":""}
{"logTime": "0217/153144", "correlationVector":"5LyK69p2lKWNEVOk7ph6/9","action":"EXTENSION_UPDATE_SERVICE", "result":""}
{"logTime": "0217/153145", "correlationVector":"VDbBPmfBwn/sO1SJpaESi3","action":"EXTENSION_UPDATE_SERVICE", "result":""}
{"logTime": "0217/153145", "correlationVector":"9wVvArA17wWfyRynZe8ibB","action":"EXTENSION_UPDATE_SERVICE", "result":""}
{"logTime": "0217/155601", "correlationVector":"62307AE48875421A97CB686CBD0FF991","action":"FETCH_UX_CONFIG", "result":""}
{"logTime": "0217/155614", "correlationVector":"725A0D5CBDBF4E64B42463C7EE0B4F3C","action":"FETCH_UX_CONFIG", "result":""}
{"logTime": "0217/155643", "correlationVector":"1jL3RiLQwpntujVgSUbdYR","action":"EXTENSION_UPDATE_SERVICE", "result":""}
{"logTime": "0217/161631", "correlationVector":"EC497C70117644EBB7D57671FC7CB19E","action":"FETCH_UX_CONFIG", "result":""}
{"logTime": "0217/161701", "correlationVector":"maq0l7wFkjVdGP2EoHW5iR","action":"EXTENSION_UPDATE_SERVICE", "result":""}
{"logTime": "0217/163944", "correlationVector":"367480E2364F439B8D71DD90B6C0EC5E","action":"FETCH_UX_CONFIG", "result":""}
{"logTime": "0217/164014", "correlationVector":"dTVJZqZLEFI7e5rcxhr1GA","action":"EXTENSION_UPDATE_SERVICE", "result":""}
{"logTime": "0217/165430", "correlationVector":"116BD166D95B414A97F53FED827CE13E","action":"FETCH_UX_CONFIG", "result":""}
{"logTime": "0217/165500", "correlationVector":"prHwIf9gDyIWs4xjNYHuKb","action":"EXTENSION_UPDATE_SERVICE", "result":""}
{"logTime": "0218/141203", "correlationVector":"A76FE8A77EF0470AA38B5FF300E2C3DD","action":"FETCH_UX_CONFIG", "result":""}
{"logTime": "0218/141233", "correlationVector":"IGrDKa9SI6H0fB/SeAMCLm","action":"EXTENSION_UPDATE_SERVICE", "result":""}
{"logTime": "0218/143136", "correlationVector":"3C2E5F1A49AF4F9285A6C1486F19F086","action":"FETCH_UX_CONFIG", "result":""}
{"logTime": "0218/143205", "correlationVector":"82KESsGXDWVN6SXS7eIpuZ","action":"EXTENSION_UPDATE_SERVICE", "result":""}
{"logTime": "0218/150124", "correlationVector":"C99AE447A1DF46FDA430D5D54B7F2233","action":"FETCH_UX_CONFIG", "result":""}
{"logTime": "0218/150154", "correlationVector":"C7eIyj7kAfA1EErccaBwJ6","action":"EXTENSION_UPDATE_SERVICE", "result":""}
{"logTime": "0218/150604", "correlationVector":"BF9C6BB76C4A422AB21378F08E56E2F5","action":"FETCH_UX_CONFIG", "result":""}
{"logTime": "0218/150633", "correlationVector":"ZOoog+id++d7PJT33eqMAA","action":"EXTENSION_UPDATE_SERVICE", "result":""}
{"logTime": "0218/150950", "correlationVector":"5E44E7B667314F90B4308F3A3481F55E","action":"FETCH_UX_CONFIG", "result":""}
{"logTime": "0218/151021", "correlationVector":"63323FA54A874D90B1FDD50155877FB6","action":"FETCH_UX_CONFIG", "result":""}
{"logTime": "0218/151026", "correlationVector":"C0865366F1B547E8A4F65C48B3DEC29A","action":"FETCH_UX_CONFIG", "result":""}
{"logTime": "0218/151056", "correlationVector":"4lUqHsg2LvvcE1pApoxiqI","action":"EXTENSION_UPDATE_SERVICE", "result":""}
{"logTime": "0218/151147", "correlationVector":"A829203AE4554133B7B8C9592FB0E2E4","action":"FETCH_UX_CONFIG", "result":""}
{"logTime": "0218/151152", "correlationVector":"FEEBAF2BB260446DB33EAE20224F6D18","action":"FETCH_UX_CONFIG", "result":""}
{"logTime": "0218/151222", "correlationVector":"T56YzapHHRJMmgE49Ciwk4","action":"EXTENSION_UPDATE_SERVICE", "result":""}
{"logTime": "0218/152726", "correlationVector":"1131F92886594D55B965A6338334A686","action":"FETCH_UX_CONFIG", "result":""}
{"logTime": "0218/152755", "correlationVector":"0wk4QiowFdy3QjjuYxXL3Y","action":"EXTENSION_UPDATE_SERVICE", "result":""}
{"logTime": "0218/153028", "correlationVector":"1EE322B014E9484290EAD1CC0F041510","action":"FETCH_UX_CONFIG", "result":""}
{"logTime": "0218/153058", "correlationVector":"8TxT/Cg36NVo4VXoQVrTiL","action":"EXTENSION_UPDATE_SERVICE", "result":""}
{"logTime": "0219/010429", "correlationVector":"33B1B1DC81A24A47A0395E55CD8E4414","action":"FETCH_UX_CONFIG", "result":""}
{"logTime": "0219/010459", "correlationVector":"6XhcXQDluRCz5HWRUCSBcr","action":"EXTENSION_UPDATE_SERVICE", "result":""}
{"logTime": "0219/020429", "correlationVector":"FC2F7B2B22FD443FAD5031800EC71197","action":"FETCH_UX_CONFIG", "result":""}
{"logTime": "0219/025501", "correlationVector":"7336E77B53574C97AF219E2452E2C975","action":"FETCH_UX_CONFIG", "result":""}
{"logTime": "0305/040634", "correlationVector":"6BA532932CFC4671AC85FFC75CD4D078","action":"FETCH_UX_CONFIG", "result":""}
{"logTime": "0305/040703", "correlationVector":"X0RxSlF/P5IxPK+wfvdKZw","action":"EXTENSION_UPDATE_SERVICE", "result":""}
{"logTime": "0305/041245", "correlationVector":"C6A7353F3B184706BE3F13105BA4CD45","action":"FETCH_UX_CONFIG", "result":""}
{"logTime": "0305/041315", "correlationVector":"VnQD0lYWbQqagEYMpLpI2n","action":"EXTENSION_UPDATE_SERVICE", "result":""}
{"logTime": "0305/041406", "correlationVector":"8CA5A3F6C1594A3698B73968846D6AC0","action":"FETCH_UX_CONFIG", "result":""}
{"logTime": "0305/041416", "correlationVector":"A4129B43CAE2403CBB944ED18E4505A6","action":"FETCH_UX_CONFIG", "result":""}
{"logTime": "0305/041423", "correlationVector":"549B7E3F59004E649F4BA61AEA4EFEA5","action":"FETCH_UX_CONFIG", "result":""}
{"logTime": "0305/041433", "correlationVector":"E239FB041DB34187860440C4B258B18B","action":"FETCH_UX_CONFIG", "result":""}
{"logTime": "0305/041441", "correlationVector":"879022C5263F40699CFA87460081D0EC","action":"FETCH_UX_CONFIG", "result":""}
{"logTime": "0305/041511", "correlationVector":"D10BF2wMMLDBs4iqPnPkHg","action":"EXTENSION_UPDATE_SERVICE", "result":""}
{"logTime": "0305/041513", "correlationVector":"9804C5E2AD0C4953B605CE2BA83F2C97","action":"FETCH_UX_CONFIG", "result":""}
{"logTime": "0305/041517", "correlationVector":"836555EDFA264B9AA1D9A556D1726124","action":"FETCH_UX_CONFIG", "result":""}
{"logTime": "0305/041523", "correlationVector":"FCE4749A29B34F6289EBAD89B79357E0","action":"FETCH_UX_CONFIG", "result":""}
{"logTime": "0305/041553", "correlationVector":"eb3yyT2eWJ6PomeXPAupM9","action":"EXTENSION_UPDATE_SERVICE", "result":""}
{"logTime": "0305/041554", "correlationVector":"8EF74309F3D8411DAD8CFD257733B265","action":"FETCH_UX_CONFIG", "result":""}
{"logTime": "0305/041558", "correlationVector":"658B3F046475499392F1689CF8260D1A","action":"FETCH_UX_CONFIG", "result":""}
{"logTime": "0305/041628", "correlationVector":"HhlwdntYXCL9tVM18bOe+u","action":"EXTENSION_UPDATE_SERVICE", "result":""}
{"logTime": "0305/041629", "correlationVector":"9C0098766E53498D88E716D833C48256","action":"FETCH_UX_CONFIG", "result":""}
{"logTime": "0305/041634", "correlationVector":"98732C132A064231B486EA8A64F247FF","action":"FETCH_UX_CONFIG", "result":""}
{"logTime": "0305/041644", "correlationVector":"2AE6A74D9E4B4EECB66A1AF383E8141F","action":"FETCH_UX_CONFIG", "result":""}
{"logTime": "0305/041652", "correlationVector":"B68A2417607441A08D22D57EB565EA1F","action":"FETCH_UX_CONFIG", "result":""}
{"logTime": "0305/041659", "correlationVector":"1383DBA275264762B7E739EF9995441A","action":"FETCH_UX_CONFIG", "result":""}
{"logTime": "0305/041704", "correlationVector":"0552703689764CD38DAB9DE5D011EC86","action":"FETCH_UX_CONFIG", "result":""}
{"logTime": "0305/041713", "correlationVector":"D1DD92D4085F43AA9FCDAF70FE12AE6E","action":"FETCH_UX_CONFIG", "result":""}
{"logTime": "0305/041719", "correlationVector":"0D283A785F98468FA5AA90D03BC18AFE","action":"FETCH_UX_CONFIG", "result":""}
{"logTime": "0305/041724", "correlationVector":"44A76854E238414C866175E25D82E0D1","action":"FETCH_UX_CONFIG", "result":""}
{"logTime": "0305/041748", "correlationVector":"FE30B6457C404A12A845EC5EBA99D3E3","action":"FETCH_UX_CONFIG", "result":""}
{"logTime": "0305/041818", "correlationVector":"heep9SW5UrLWp/Q0VV/Ean","action":"EXTENSION_UPDATE_SERVICE", "result":""}
{"logTime": "0305/041834", "correlationVector":"2999BDED073D406CA3849C5C4FFC05D0","action":"FETCH_UX_CONFIG", "result":""}
{"logTime": "0305/041841", "correlationVector":"51295F13B5E046CC94EE8CE26723CCCA","action":"FETCH_UX_CONFIG", "result":""}
{"logTime": "0305/041911", "correlationVector":"Ico7eVNGavSeXddkyD7fQq","action":"EXTENSION_UPDATE_SERVICE", "result":""}
{"logTime": "0305/041947", "correlationVector":"822A964A276848A0AB760D8F81EA67FF","action":"FETCH_UX_CONFIG", "result":""}
{"logTime": "0305/041950", "correlationVector":"939E61CF30C84D57B1E99646AADB4CC3","action":"FETCH_UX_CONFIG", "result":""}
{"logTime": "0305/041954", "correlationVector":"B14504A293D84A809FDAF96F422BAB1E","action":"FETCH_UX_CONFIG", "result":""}
{"logTime": "0305/042000", "correlationVector":"28F108A54B1A42E1BF722F90BF4C7D86","action":"FETCH_UX_CONFIG", "result":""}
{"logTime": "0305/042029", "correlationVector":"RY2Lms7SCBvOXgLf9Ghjib","action":"EXTENSION_UPDATE_SERVICE", "result":""}
{"logTime": "0305/042032", "correlationVector":"B51ACB5134324C3EBF743CFA22FC82C7","action":"FETCH_UX_CONFIG", "result":""}
{"logTime": "0305/042035", "correlationVector":"1C5171EA2A574FEFA4EF7EA2F6BDF903","action":"FETCH_UX_CONFIG", "result":""}
{"logTime": "0305/042039", "correlationVector":"BBB4ED08DCA2458F9DEEBE90994523B2","action":"FETCH_UX_CONFIG", "result":""}
{"logTime": "0305/042108", "correlationVector":"qKpl7YTrLtfFR1hCFuvoEv","action":"EXTENSION_UPDATE_SERVICE", "result":""}
{"logTime": "0305/042145", "correlationVector":"E8AC44D865A94B0891CCE092EF8066D0","action":"FETCH_UX_CONFIG", "result":""}
{"logTime": "0305/042150", "correlationVector":"110B45C3CF49475CBC55FFD5D3DAED39","action":"FETCH_UX_CONFIG", "result":""}
{"logTime": "0305/042153", "correlationVector":"59B58E8FB9364C48B16BC44CA6594120","action":"FETCH_UX_CONFIG", "result":""}
{"logTime": "0305/042223", "correlationVector":"k3jt58GebkdIRG5at/0wUY","action":"EXTENSION_UPDATE_SERVICE", "result":""}
{"logTime": "0305/042224", "correlationVector":"A502F10A787C497DAAEBDF2B9B592695","action":"FETCH_UX_CONFIG", "result":""}
{"logTime": "0305/042237", "correlationVector":"9187F0C014FE4AE1B41CABC28E41F18D","action":"FETCH_UX_CONFIG", "result":""}
{"logTime": "0305/042307", "correlationVector":"Bnekbv5dDRs11oTZTG1YNn","action":"EXTENSION_UPDATE_SERVICE", "result":""}
{"logTime": "0305/042337", "correlationVector":"673B9E3C91FF485A8BD82ACFF2C5C246","action":"FETCH_UX_CONFIG", "result":""}
{"logTime": "0305/042346", "correlationVector":"CBF9E4E111BB4A3CA912298C49914D13","action":"FETCH_UX_CONFIG", "result":""}
{"logTime": "0305/042353", "correlationVector":"6BC98F9F44A64DF49A2CE8F31DF95A8B","action":"FETCH_UX_CONFIG", "result":""}
{"logTime": "0305/042400", "correlationVector":"D6DBD7942B75449596B2EAAB60AC225F","action":"FETCH_UX_CONFIG", "result":""}
{"logTime": "0305/042406", "correlationVector":"B092D322DA9446FAAE5D34DD8C418A25","action":"FETCH_UX_CONFIG", "result":""}
{"logTime": "0305/042409", "correlationVector":"2FAF435F169C4E038BB7850FEEC176BB","action":"FETCH_UX_CONFIG", "result":""}
{"logTime": "0305/042426", "correlationVector":"F11ED90126CB42E981572062D416659D","action":"FETCH_UX_CONFIG", "result":""}
{"logTime": "0305/042429", "correlationVector":"A44B21842E804B71B936BFF000A9E62F","action":"FETCH_UX_CONFIG", "result":""}
{"logTime": "0305/042434", "correlationVector":"8436207136DF4235950A12BFA21A2F14","action":"FETCH_UX_CONFIG", "result":""}
{"logTime": "0305/042504", "correlationVector":"Q4yfpg0MbWwalpDnrEyh4c","action":"EXTENSION_UPDATE_SERVICE", "result":""}
{"logTime": "0305/042513", "correlationVector":"1F713E38D85840469F077268AE93EC9E","action":"FETCH_UX_CONFIG", "result":""}
{"logTime": "0305/042534", "correlationVector":"8992D8EE88E543E1AAA648A40942EA27","action":"FETCH_UX_CONFIG", "result":""}
{"logTime": "0305/042540", "correlationVector":"587005C5055C4EF5A4B8D2008AEF714C","action":"FETCH_UX_CONFIG", "result":""}
{"logTime": "0305/042559", "correlationVector":"7B7BB90429D941C1B6DFCD3BD0A4D6C7","action":"FETCH_UX_CONFIG", "result":""}
{"logTime": "0305/042602", "correlationVector":"ABE9935552504DC0AD9CF3DF477010FB","action":"FETCH_UX_CONFIG", "result":""}
{"logTime": "0305/042609", "correlationVector":"65275F80FB4E45C6978EFC0BF31D57E3","action":"FETCH_UX_CONFIG", "result":""}
{"logTime": "0305/042620", "correlationVector":"0FC6904A6DD5429394CB336550D13B2E","action":"FETCH_UX_CONFIG", "result":""}
{"logTime": "0305/042628", "correlationVector":"255E46C3EAED48AF9552C2E716761C51","action":"FETCH_UX_CONFIG", "result":""}
{"logTime": "0305/042658", "correlationVector":"zaGfobZAHcP8esVOq5pMGc","action":"EXTENSION_UPDATE_SERVICE", "result":""}
{"logTime": "0305/042803", "correlationVector":"1EECDE9B28174E3DAB19D41C5F7B9FAF","action":"FETCH_UX_CONFIG", "result":""}
{"logTime": "0305/042822", "correlationVector":"B2350EB01F374DD18C3DEF90D719C9D6","action":"FETCH_UX_CONFIG", "result":""}
{"logTime": "0305/042829", "correlationVector":"BF6ECF50B38B4834B1B1702D4F51B51A","action":"FETCH_UX_CONFIG", "result":""}
{"logTime": "0305/042836", "correlationVector":"2CE3E0F727C741CAB66EF443BE34148F","action":"FETCH_UX_CONFIG", "result":""}
{"logTime": "0305/042840", "correlationVector":"3324F63214624E6596DB28EF78E63744","action":"FETCH_UX_CONFIG", "result":""}
{"logTime": "0305/042910", "correlationVector":"aLGkPnspu5v4T1H/8li2q1","action":"EXTENSION_UPDATE_SERVICE", "result":""}
{"logTime": "0305/042917", "correlationVector":"B7FF20175FDA46D18DF8E4804980DC53","action":"FETCH_UX_CONFIG", "result":""}
{"logTime": "0305/042947", "correlationVector":"c7dbMG/XaXfrsDUBR2mokP","action":"EXTENSION_UPDATE_SERVICE", "result":""}
{"logTime": "0305/052917", "correlationVector":"9CAC0E62088544B3A737ECC9F09C1FB9","action":"FETCH_UX_CONFIG", "result":""}
{"logTime": "0305/062917", "correlationVector":"8D21A8615FF34EB6A7B860D9C76B2146","action":"FETCH_UX_CONFIG", "result":""}
{"logTime": "0305/072917", "correlationVector":"0A201F9DACDD4EA481D076D0AF57ED28","action":"FETCH_UX_CONFIG", "result":""}
{"logTime": "0305/073421", "correlationVector":"CEF95085CAE14EAFBBA56A2B64AE7E3D","action":"FETCH_UX_CONFIG", "result":""}
{"logTime": "0305/073438", "correlationVector":"9E8C097F1A854307962DF7AE84F5C018","action":"FETCH_UX_CONFIG", "result":""}
{"logTime": "0305/073508", "correlationVector":"NSs7+r6acGlRm8ke7kzY5r","action":"EXTENSION_UPDATE_SERVICE", "result":""}
{"logTime": "0305/084003", "correlationVector":"0D4ADE7A0EA54FF582B1DB723776183B","action":"FETCH_UX_CONFIG", "result":""}
{"logTime": "0305/094002", "correlationVector":"9177AFBBCE6345F0AE1EB5C50DE1C131","action":"FETCH_UX_CONFIG", "result":""}
{"logTime": "0305/104002", "correlationVector":"A191CAE1FD644A589EF30B9D3949C3C8","action":"FETCH_UX_CONFIG", "result":""}
{"logTime": "0305/114002", "correlationVector":"47557B2D15754FEBB04FDFE90469D53A","action":"FETCH_UX_CONFIG", "result":""}
{"logTime": "0306/012309", "correlationVector":"0C25F38B53174588BA58FB81B9E8D574","action":"FETCH_UX_CONFIG", "result":""}
{"logTime": "0306/012314", "correlationVector":"5488EAE3AA5C4194AF821542D5A9E506","action":"FETCH_UX_CONFIG", "result":""}
{"logTime": "0306/012344", "correlationVector":"O2gaG0wv2uNwVHxoaf4w/Z","action":"EXTENSION_UPDATE_SERVICE", "result":""}
{"logTime": "0306/024754", "correlationVector":"58E4BAF57EA143FC8862FCA4B1244D03","action":"FETCH_UX_CONFIG", "result":""}
{"logTime": "0307/032322", "correlationVector":"2A2BD747474C4A6498E606C7211C4A2F","action":"FETCH_UX_CONFIG", "result":""}
{"logTime": "0307/032352", "correlationVector":"Wxin/XsFyUSlKv4cWZF8nF","action":"EXTENSION_UPDATE_SERVICE", "result":""}
{"logTime": "0307/041324", "correlationVector":"B316EEE21B9147F892D7A6AEF1A489F0","action":"FETCH_UX_CONFIG", "result":""}
{"logTime": "0307/041354", "correlationVector":"SObkBGETd5Ypz6GBnQRytJ","action":"EXTENSION_UPDATE_SERVICE", "result":""}
{"logTime": "0307/051324", "correlationVector":"08C3DA9AF3BA4F43B2B966CB88299834","action":"FETCH_UX_CONFIG", "result":""}
{"logTime": "0307/061324", "correlationVector":"C329DB6FDC0941669471C2B406364F27","action":"FETCH_UX_CONFIG", "result":""}
{"logTime": "0307/071324", "correlationVector":"639C5DDE72CB4D78A0F5C7FA892610FF","action":"FETCH_UX_CONFIG", "result":""}
{"logTime": "0307/081324", "correlationVector":"B5A50A7593AB45338D94560A508BEFF2","action":"FETCH_UX_CONFIG", "result":""}
{"logTime": "0307/084216", "correlationVector":"/qhHk2S5jGCYFUEtE0EBs5","action":"EXTENSION_UPDATE_SERVICE", "result":""}
{"logTime": "0307/091324", "correlationVector":"2ADF273565934BB58BE35E36D3416C8A","action":"FETCH_UX_CONFIG", "result":""}
{"logTime": "0307/101324", "correlationVector":"08DD77F2615E49A091473F54571D530B","action":"FETCH_UX_CONFIG", "result":""}
{"logTime": "0307/111324", "correlationVector":"315316B07F8C4984839E6E46870174AF","action":"FETCH_UX_CONFIG", "result":""}
{"logTime": "0307/121324", "correlationVector":"5D774AB8E765437786AB64D69B9FA2FF","action":"FETCH_UX_CONFIG", "result":""}
{"logTime": "0307/130541", "correlationVector":"p2b6ZahgRQdEtcNFyd2gsh","action":"EXTENSION_UPDATE_SERVICE", "result":""}
{"logTime": "0307/131324", "correlationVector":"A562B9F20D8A44E6AC1C801A9D80BA06","action":"FETCH_UX_CONFIG", "result":""}
{"logTime": "0307/141324", "correlationVector":"90B19C1464394CCB80B289FEC001AAEB","action":"FETCH_UX_CONFIG", "result":""}
{"logTime": "0307/171324", "correlationVector":"A3954566B9BD4400BF7E7919E90B1FCB","action":"FETCH_UX_CONFIG", "result":""}
{"logTime": "0308/032356", "correlationVector":"0722F21DF90A4FCD93EDE2254282966B","action":"FETCH_UX_CONFIG", "result":""}
{"logTime": "0308/032426", "correlationVector":"sw4BPRPopSLUbhBQ+gplUc","action":"EXTENSION_UPDATE_SERVICE", "result":""}
{"logTime": "0308/042356", "correlationVector":"998F5A7687354E788B65AF347E1BFB39","action":"FETCH_UX_CONFIG", "result":""}
{"logTime": "0308/052356", "correlationVector":"3992340CC7AE42B2B5BAE1AACE2D0459","action":"FETCH_UX_CONFIG", "result":""}
{"logTime": "0308/091426", "correlationVector":"LhgYhwWAyJ/AdhmgOK0uhh","action":"EXTENSION_UPDATE_SERVICE", "result":""}
{"logTime": "0308/094337", "correlationVector":"131E289D70B146829DF2E525781D1CFC","action":"FETCH_UX_CONFIG", "result":""}
{"logTime": "0308/104337", "correlationVector":"8F3FEC94DC684D789B9E6B720AD02B79","action":"FETCH_UX_CONFIG", "result":""}
{"logTime": "0308/144722", "correlationVector":"jO0OExJ73Q/Zh9b0ombFks","action":"EXTENSION_UPDATE_SERVICE", "result":""}
{"logTime": "0308/144723", "correlationVector":"8F53BF04242E4417A69E73AE3D413F46","action":"FETCH_UX_CONFIG", "result":""}
{"logTime": "0308/163220", "correlationVector":"33AA1F72221440249CC5475407C3ECD2","action":"FETCH_UX_CONFIG", "result":""}
{"logTime": "0308/180230", "correlationVector":"354D105505BF4E6D9A29F0B494B6F30A","action":"FETCH_UX_CONFIG", "result":""}
{"logTime": "0309/024017", "correlationVector":"D4E42827ED724233AB3E82E87BB8DAA1","action":"FETCH_UX_CONFIG", "result":""}
{"logTime": "0309/024042", "correlationVector":"M+B7uK6ZKgOSx0BU2F2H/Q","action":"EXTENSION_UPDATE_SERVICE", "result":""}
{"logTime": "0309/030859", "correlationVector":"64C1194BF14C47E4ABD0C3169902526A","action":"FETCH_UX_CONFIG", "result":""}
{"logTime": "0309/030929", "correlationVector":"Zw56SV6tM0gCzQsdEkhtW5","action":"EXTENSION_UPDATE_SERVICE", "result":""}
{"logTime": "0309/031050", "correlationVector":"83AC027D7A2A41A0812B8B798D6CF8C4","action":"FETCH_UX_CONFIG", "result":""}
{"logTime": "0309/031107", "correlationVector":"F976578EE6B547EF8C8584AAD7E121E4","action":"FETCH_UX_CONFIG", "result":""}
{"logTime": "0309/031137", "correlationVector":"/VaaGcVYmh6h4MbW9MBpwb","action":"EXTENSION_UPDATE_SERVICE", "result":""}
{"logTime": "0309/053549", "correlationVector":"4B55A4249B8044B48719464A7EE71AC1","action":"FETCH_UX_CONFIG", "result":""}
{"logTime": "0309/053618", "correlationVector":"CxQ/YoQCUFnuhLBP9shqo4","action":"EXTENSION_UPDATE_SERVICE", "result":""}
{"logTime": "0309/073808", "correlationVector":"46A09D4EC34244D1B766D3FD60459EDD","action":"FETCH_UX_CONFIG", "result":""}
{"logTime": "0309/073838", "correlationVector":"FTamfGuTKAin6Utc+4sg/f","action":"EXTENSION_UPDATE_SERVICE", "result":""}
{"logTime": "0309/132044", "correlationVector":"43E95C4BD01D4432974B4F1C3FEDBE2A","action":"FETCH_UX_CONFIG", "result":""}
{"logTime": "0309/132109", "correlationVector":"7BE613D5293D4AFFA1D7590354D02230","action":"FETCH_UX_CONFIG", "result":""}
{"logTime": "0309/132129", "correlationVector":"60AD5A8966E04EAFAB0DF80794BBC5E2","action":"FETCH_UX_CONFIG", "result":""}
{"logTime": "0309/132159", "correlationVector":"J1RJe3tjSLCC/VFB9bPu7S","action":"EXTENSION_UPDATE_SERVICE", "result":""}
{"logTime": "0309/133633", "correlationVector":"3E0EEA63DA594A4AA58BBAE1E9FC710A","action":"FETCH_UX_CONFIG", "result":""}
{"logTime": "0309/133703", "correlationVector":"PwnyD7R4/HmAGbzgZj52+T","action":"EXTENSION_UPDATE_SERVICE", "result":""}
{"logTime": "0309/141531", "correlationVector":"237ACBDE6F7645F59EBB540DDEC0135C","action":"FETCH_UX_CONFIG", "result":""}
{"logTime": "0309/141601", "correlationVector":"mqkEa2A1BxpSHQUayNPnzU","action":"EXTENSION_UPDATE_SERVICE", "result":""}
{"logTime": "0309/151531", "correlationVector":"3558FD6B4D4C4F22B8896703450A7713","action":"FETCH_UX_CONFIG", "result":""}
{"logTime": "0309/161531", "correlationVector":"81BB9DC6365D4D8486DEAAC0B897E3C5","action":"FETCH_UX_CONFIG", "result":""}
{"logTime": "0309/171531", "correlationVector":"6253275B50174CD08D380FF484B4BB7D","action":"FETCH_UX_CONFIG", "result":""}
{"logTime": "0309/181531", "correlationVector":"2D87AB784C814544806D4C3B204FD9FD","action":"FETCH_UX_CONFIG", "result":""}
{"logTime": "0309/190022", "correlationVector":"1A52F832F22F46B28EBD125AC4AFE8BF","action":"FETCH_UX_CONFIG", "result":""}
{"logTime": "0309/190052", "correlationVector":"uLYLNN8O8rodzvyraFcmww","action":"EXTENSION_UPDATE_SERVICE", "result":""}
{"logTime": "0309/190150", "correlationVector":"81641CCEC66F4CFEBDBDDEE776CFEDB9","action":"FETCH_UX_CONFIG", "result":""}
{"logTime": "0309/190220", "correlationVector":"SFumZzB3J1Z1cFsmhQdMpG","action":"EXTENSION_UPDATE_SERVICE", "result":""}
{"logTime": "0310/055058", "correlationVector":"B74797BF1FA145D88DD355A555A1A488","action":"FETCH_UX_CONFIG", "result":""}
{"logTime": "0310/055128", "correlationVector":"BrelqvmK6T8XJOwxgj/Uwx","action":"EXTENSION_UPDATE_SERVICE", "result":""}
{"logTime": "0310/065058", "correlationVector":"C784646A9AE64EFCAAA77DE64B85AC42","action":"FETCH_UX_CONFIG", "result":""}
{"logTime": "0310/070049", "correlationVector":"3BA9C4B413A549B99C2D419685E2ABE0","action":"FETCH_UX_CONFIG", "result":""}
{"logTime": "0310/070119", "correlationVector":"6J12RQ/8ZQOHo0Gh5zYO8c","action":"EXTENSION_UPDATE_SERVICE", "result":""}
{"logTime": "0310/080049", "correlationVector":"0173A5BFEABF46F88A03E5F203ABBCED","action":"FETCH_UX_CONFIG", "result":""}
{"logTime": "0310/110723", "correlationVector":"1QcVoM1zIoNlLYEmFplqBs","action":"EXTENSION_UPDATE_SERVICE", "result":""}
{"logTime": "0310/110735", "correlationVector":"17nmYq1W16AlfPvOx3sX9z","action":"EXTENSION_UPDATE_SERVICE", "result":""}
{"logTime": "0310/110747", "correlationVector":"77ga8jVyke1vN/L1DKB159","action":"EXTENSION_UPDATE_SERVICE", "result":""}
{"logTime": "0310/221715", "correlationVector":"vlBUFHOzOEgkdREjyal6nu","action":"EXTENSION_UPDATE_SERVICE", "result":""}
{"logTime": "0310/221716", "correlationVector":"CM040dP26MDIK55cYSaq6t","action":"EXTENSION_UPDATE_SERVICE", "result":""}
{"logTime": "0310/221716", "correlationVector":"d0UMQV5qiFJfBC3p7AWofS","action":"EXTENSION_UPDATE_SERVICE", "result":""}
{"logTime": "0311/114029", "correlationVector":"Kg9/Ne3TQb66B1ZneKLu5h","action":"EXTENSION_UPDATE_SERVICE", "result":""}
{"logTime": "0311/114035", "correlationVector":"W2UEiRj5XPqqldSFhMQuej","action":"EXTENSION_UPDATE_SERVICE", "result":""}
{"logTime": "0311/114035", "correlationVector":"Duri6IHDu+5XB1AzeaofL/","action":"EXTENSION_UPDATE_SERVICE", "result":""}
{"logTime": "0311/125523", "correlationVector":"484B3B17589F4CA19B3F18435A5FA9EC","action":"FETCH_UX_CONFIG", "result":""}
{"logTime": "0311/125552", "correlationVector":"46P0VWQoM7S8fexax7jX1/","action":"EXTENSION_UPDATE_SERVICE", "result":""}
{"logTime": "0311/135529", "correlationVector":"C65E475686EA407CB68A5B20BB318072","action":"FETCH_UX_CONFIG", "result":""}
{"logTime": "0313/075801", "correlationVector":"0F0B87DDC40F4532902033F44FF58D9A","action":"FETCH_UX_CONFIG", "result":""}
{"logTime": "0313/075830", "correlationVector":"PKJ3khsvB1UiG+f4Lj0lHR","action":"EXTENSION_UPDATE_SERVICE", "result":""}
{"logTime": "0313/083920", "correlationVector":"438989C53560473D8EF572C0BFBC1A42","action":"FETCH_UX_CONFIG", "result":""}
{"logTime": "0313/083949", "correlationVector":"A2c5eZ6rpBT763hcM9ydW6","action":"EXTENSION_UPDATE_SERVICE", "result":""}
{"logTime": "0313/085206", "correlationVector":"7C03A34650654A7F82CAD3BF06615531","action":"FETCH_UX_CONFIG", "result":""}
{"logTime": "0313/085235", "correlationVector":"5a1Wi3SKFd9oJiiywZfub0","action":"EXTENSION_UPDATE_SERVICE", "result":""}
{"logTime": "0313/085631", "correlationVector":"F698BE22D0DB4458A3C6E8F98524EFC1","action":"FETCH_UX_CONFIG", "result":""}
{"logTime": "0313/085700", "correlationVector":"2DFQkYQrX+LcxUmJFMCa0A","action":"EXTENSION_UPDATE_SERVICE", "result":""}
{"logTime": "0313/090458", "correlationVector":"9A02B84806DB42008E688F465B356F7D","action":"FETCH_UX_CONFIG", "result":""}
{"logTime": "0313/090527", "correlationVector":"lApJNQeTnmBCFSTTsORB+L","action":"EXTENSION_UPDATE_SERVICE", "result":""}
{"logTime": "0315/082337", "correlationVector":"2C835B05DB024D4BA2ABF2C79CC2E251","action":"FETCH_UX_CONFIG", "result":""}
{"logTime": "0315/082344", "correlationVector":"2898F47ED10647E687CD8D20B32A7347","action":"FETCH_UX_CONFIG", "result":""}
{"logTime": "0315/082413", "correlationVector":"eJ0jWqevmcch0KwKpD1/12","action":"EXTENSION_UPDATE_SERVICE", "result":""}
{"logTime": "0315/092344", "correlationVector":"1D59EA74BDCE4DD389248B072010BCC1","action":"FETCH_UX_CONFIG", "result":""}
{"logTime": "0316/032051", "correlationVector":"860D4BF2BECF4318817A7F36BF4F3EA6","action":"FETCH_UX_CONFIG", "result":""}
{"logTime": "0316/032121", "correlationVector":"c0rSRk1L9g7S/QngdmWRfz","action":"EXTENSION_UPDATE_SERVICE", "result":""}
{"logTime": "0316/032447", "correlationVector":"F94DA3C408B44958A61BEA0F1DE08724","action":"FETCH_UX_CONFIG", "result":""}
{"logTime": "0316/032516", "correlationVector":"0fv+uZrtq57d8lTTIk7UOa","action":"EXTENSION_UPDATE_SERVICE", "result":""}
{"logTime": "0316/140839", "correlationVector":"477A847117A74DCFAFBA412AA72C1E41","action":"FETCH_UX_CONFIG", "result":""}
{"logTime": "0316/140843", "correlationVector":"A88083A83D1842848563FDDBE5A60CEC","action":"FETCH_UX_CONFIG", "result":""}
{"logTime": "0316/140913", "correlationVector":"W/mjZgGYMzSGbb62PrkRxa","action":"EXTENSION_UPDATE_SERVICE", "result":""}
{"logTime": "0316/140924", "correlationVector":"D34670BBAC2F47B3A6A461CF21FD98E6","action":"FETCH_UX_CONFIG", "result":""}
{"logTime": "0316/140950", "correlationVector":"E99ABC1F858D44F2AC8C058880E41959","action":"FETCH_UX_CONFIG", "result":""}
{"logTime": "0316/141011", "correlationVector":"7A856BF53BFA4AB988F04B27AD12D9A4","action":"FETCH_UX_CONFIG", "result":""}
{"logTime": "0316/141035", "correlationVector":"6BEE0EB65F244CADADF1C5375F6709F2","action":"FETCH_UX_CONFIG", "result":""}
{"logTime": "0316/141105", "correlationVector":"3/uE/NhmlIpVbRmNryb+fo","action":"EXTENSION_UPDATE_SERVICE", "result":""}
{"logTime": "0316/141107", "correlationVector":"F8F5E55663794AD1A13238704F1C171E","action":"FETCH_UX_CONFIG", "result":""}
{"logTime": "0316/141117", "correlationVector":"2C0DC24AE2BC4137BF7A6D868FEB27BF","action":"FETCH_UX_CONFIG", "result":""}
{"logTime": "0316/141147", "correlationVector":"Oq9BbNZ2Z/7aN3nR5a6JLU","action":"EXTENSION_UPDATE_SERVICE", "result":""}
{"logTime": "0316/141543", "correlationVector":"15E2E3B1F66B4C689674484632543D6A","action":"FETCH_UX_CONFIG", "result":""}
{"logTime": "0316/141609", "correlationVector":"2D7BE92D07F94A8A84F649EBD2C7E142","action":"FETCH_UX_CONFIG", "result":""}
{"logTime": "0316/141639", "correlationVector":"cKsN2RSz2d7HTofIHzF//5","action":"EXTENSION_UPDATE_SERVICE", "result":""}
{"logTime": "0316/150231", "correlationVector":"C59A94A83D5B4CA5890969B2D6A8C8E8","action":"FETCH_UX_CONFIG", "result":""}
{"logTime": "0316/150301", "correlationVector":"gP8xyuQHGSeT+39hL2C3Dt","action":"EXTENSION_UPDATE_SERVICE", "result":""}
{"logTime": "0316/160231", "correlationVector":"86B9132BE406434EBEB7E56BBAF937E9","action":"FETCH_UX_CONFIG", "result":""}
{"logTime": "0316/165821", "correlationVector":"3918240C13354815A3F430F59341A1C2","action":"FETCH_UX_CONFIG", "result":""}
{"logTime": "0317/004812", "correlationVector":"D4B5FDAD9D2E48DC82AD0BE7E709A369","action":"FETCH_UX_CONFIG", "result":""}
{"logTime": "0317/004842", "correlationVector":"XHofVRLM8HD013kpnAIve0","action":"EXTENSION_UPDATE_SERVICE", "result":""}
{"logTime": "0317/014813", "correlationVector":"B77DE8435D8C4CAFAC9A936B484241D8","action":"FETCH_UX_CONFIG", "result":""}
{"logTime": "0317/014842", "correlationVector":"OC+3WF7USHA7WcXMk8IZ8o","action":"EXTENSION_UPDATE_SERVICE", "result":""}
{"logTime": "0317/124136", "correlationVector":"A250FB9BE64C485B92089D7E5BFD789E","action":"FETCH_UX_CONFIG", "result":""}
{"logTime": "0317/124206", "correlationVector":"x8AAVGGcGflEWEbeIPVWjt","action":"EXTENSION_UPDATE_SERVICE", "result":""}
{"logTime": "0317/134136", "correlationVector":"AE47230514004A57983C14124E3C2ADC","action":"FETCH_UX_CONFIG", "result":""}
{"logTime": "0317/143501", "correlationVector":"1D23F7D295A644B8BCD1996CA5CAF533","action":"FETCH_UX_CONFIG", "result":""}
{"logTime": "0317/143531", "correlationVector":"jPDedaMHuoHqsBY/9qAPhF","action":"EXTENSION_UPDATE_SERVICE", "result":""}
{"logTime": "0317/153501", "correlationVector":"CE04EA889F1443219BE744F0B3557F04","action":"FETCH_UX_CONFIG", "result":""}
{"logTime": "0317/163501", "correlationVector":"76E0BEA0A8A94D2B8FF8710B2B810183","action":"FETCH_UX_CONFIG", "result":""}
{"logTime": "0317/234411", "correlationVector":"90C72556AD964428B04905C664ED243E","action":"FETCH_UX_CONFIG", "result":""}
{"logTime": "0317/234440", "correlationVector":"7zQFlMBt8dpW7JbBtpEE/J","action":"EXTENSION_UPDATE_SERVICE", "result":""}
{"logTime": "0318/004411", "correlationVector":"DE521317266648FCB9B0F9E0697E4A13","action":"FETCH_UX_CONFIG", "result":""}
{"logTime": "0318/014411", "correlationVector":"69B466A7837B451DA77C4524F1B8BD51","action":"FETCH_UX_CONFIG", "result":""}
{"logTime": "0318/024411", "correlationVector":"7CCF931B736C48A88BAD04278C9B3819","action":"FETCH_UX_CONFIG", "result":""}
{"logTime": "0318/034411", "correlationVector":"CBC30FE1ACBA42DAB393388782B58089","action":"FETCH_UX_CONFIG", "result":""}
{"logTime": "0318/040935", "correlationVector":"iMqXuFB9BckGLihhvm0iD6","action":"EXTENSION_UPDATE_SERVICE", "result":""}
{"logTime": "0318/044411", "correlationVector":"E54D37EF52F34BAFB454606712FFEA78","action":"FETCH_UX_CONFIG", "result":""}
{"logTime": "0318/054411", "correlationVector":"B5BA95DCFE0A491084C2F93B503B497C","action":"FETCH_UX_CONFIG", "result":""}
{"logTime": "0318/064411", "correlationVector":"2E16AFB3C64F4147AECA1506EF260F62","action":"FETCH_UX_CONFIG", "result":""}
{"logTime": "0318/065218", "correlationVector":"282B45C96556487391CA67FF7B4ED8DB","action":"FETCH_UX_CONFIG", "result":""}
{"logTime": "0318/153214", "correlationVector":"D29603AF6D34437D90C7EAD67A4C3962","action":"FETCH_UX_CONFIG", "result":""}
{"logTime": "0318/153244", "correlationVector":"TH+XKxfPGfP2QBv/W2Pj29","action":"EXTENSION_UPDATE_SERVICE", "result":""}
{"logTime": "0319/004342", "correlationVector":"8E4A92D0D60B489298CE4A2E1AE2DBC9","action":"FETCH_UX_CONFIG", "result":""}
{"logTime": "0319/004412", "correlationVector":"99UIupJ+1SXdbRq8O4s+nc","action":"EXTENSION_UPDATE_SERVICE", "result":""}
{"logTime": "0319/004857", "correlationVector":"FABEF494207D4E37B3C7AD63F87E8A03","action":"FETCH_UX_CONFIG", "result":""}
{"logTime": "0319/004927", "correlationVector":"7D+3p4dj+rwgJvD2uWaBQF","action":"EXTENSION_UPDATE_SERVICE", "result":""}
{"logTime": "0319/014857", "correlationVector":"4ADC4564951240028D9ECA1B18F8E055","action":"FETCH_UX_CONFIG", "result":""}
{"logTime": "0319/015314", "correlationVector":"C4BDC60333FB427485704AA5E3F22BBE","action":"FETCH_UX_CONFIG", "result":""}
{"logTime": "0319/150524", "correlationVector":"29CBCA8165174B088F3044C7776093D4","action":"FETCH_UX_CONFIG", "result":""}
{"logTime": "0319/150554", "correlationVector":"5HfTvS4r8K/U/k8pBMsGdP","action":"EXTENSION_UPDATE_SERVICE", "result":""}
{"logTime": "0319/172130", "correlationVector":"xjsrmE2NDzjUj1ySTJTqlm","action":"EXTENSION_UPDATE_SERVICE", "result":""}
{"logTime": "0319/172132", "correlationVector":"r21NZc1tsUn4zx3mbINkof","action":"EXTENSION_UPDATE_SERVICE", "result":""}
{"logTime": "0319/172132", "correlationVector":"NgAVtpH2igi5HcU8HlMgNK","action":"EXTENSION_UPDATE_SERVICE", "result":""}
{"logTime": "0321/003321", "correlationVector":"36974ED340954B10949A3BA54163280C","action":"FETCH_UX_CONFIG", "result":""}
{"logTime": "0321/003350", "correlationVector":"z+iIQwCEobj96ybTF7TLGO","action":"EXTENSION_UPDATE_SERVICE", "result":""}
{"logTime": "0321/012318", "correlationVector":"459480F42E5A431894EDABBA5C455FB0","action":"FETCH_UX_CONFIG", "result":""}
{"logTime": "0321/012344", "correlationVector":"suMT1ak3ln+Y9X9OX3Xrsu","action":"EXTENSION_UPDATE_SERVICE", "result":""}
{"logTime": "0322/084912", "correlationVector":"346D3A47869147A58D7480EAA8D48651","action":"FETCH_UX_CONFIG", "result":""}
{"logTime": "0322/084941", "correlationVector":"/fyO0ZrCbvROzN4GQj4WsS","action":"EXTENSION_UPDATE_SERVICE", "result":""}
{"logTime": "0322/094911", "correlationVector":"35658AAE904B4E7C8ADBF341461684C1","action":"FETCH_UX_CONFIG", "result":""}
{"logTime": "0322/135936", "correlationVector":"+Xb4VR1IF7lONecTw+sZpX","action":"EXTENSION_UPDATE_SERVICE", "result":""}
{"logTime": "0322/135939", "correlationVector":"85401A3085504048A3C04CFAD76118EF","action":"FETCH_UX_CONFIG", "result":""}
{"logTime": "0322/141203", "correlationVector":"C5BDB32E6FAC44D9864BA415D3C7A26D","action":"FETCH_UX_CONFIG", "result":""}
{"logTime": "0322/141232", "correlationVector":"ooyXIUO2V0Whcf+w7CgUmp","action":"EXTENSION_UPDATE_SERVICE", "result":""}
{"logTime": "0322/161307", "correlationVector":"07BC5C31087B4FB3BA6FFFDE682DC515","action":"FETCH_UX_CONFIG", "result":""}
{"logTime": "0322/165026", "correlationVector":"60252AFC7D3B4BB8BF4403F9A995B135","action":"FETCH_UX_CONFIG", "result":""}
{"logTime": "0323/004003", "correlationVector":"338BAE0A863F4748ACACA3C01B5EF1AD","action":"FETCH_UX_CONFIG", "result":""}
{"logTime": "0323/004033", "correlationVector":"TeNFowJMZtmJYE5c4SVrMc","action":"EXTENSION_UPDATE_SERVICE", "result":""}
{"logTime": "0323/014003", "correlationVector":"6D5CDA9D1C34434F8B2106D401F29BD0","action":"FETCH_UX_CONFIG", "result":""}
{"logTime": "0323/053046", "correlationVector":"XZ46O2Xb2VSjVKMFG6gfeu","action":"EXTENSION_UPDATE_SERVICE", "result":""}
{"logTime": "0323/053058", "correlationVector":"72W4sQCYTsFMKFje/5RtwJ","action":"EXTENSION_UPDATE_SERVICE", "result":""}
{"logTime": "0323/053100", "correlationVector":"bFI/wvtJQ3mAh/L+G5ChfI","action":"EXTENSION_UPDATE_SERVICE", "result":""}
{"logTime": "0323/063039", "correlationVector":"0E6B85FB18F841629D9510BBDBFFC5CB","action":"FETCH_UX_CONFIG", "result":""}
{"logTime": "0323/063108", "correlationVector":"fBpWGHY5BxeTQtMQOpRARV","action":"EXTENSION_UPDATE_SERVICE", "result":""}
{"logTime": "0323/063639", "correlationVector":"JteufDu3oQrlQKWvkNI4Nn","action":"EXTENSION_UPDATE_SERVICE", "result":""}
{"logTime": "0323/064044", "correlationVector":"FCA18DB99D6140A1A20E004E215054A4","action":"FETCH_UX_CONFIG", "result":""}
{"logTime": "0323/064049", "correlationVector":"704EFA999DED42A0BEEB7F66CCCE3588","action":"FETCH_UX_CONFIG", "result":""}
{"logTime": "0323/064118", "correlationVector":"KhUhf9wvPte3vLc4cOZ4NO","action":"EXTENSION_UPDATE_SERVICE", "result":""}
{"logTime": "0323/064413", "correlationVector":"7D1ABDFC637D4638A8910D63D36E3971","action":"FETCH_UX_CONFIG", "result":""}
{"logTime": "0323/064442", "correlationVector":"w8VLrcDzaegPOQZDjpCbv7","action":"EXTENSION_UPDATE_SERVICE", "result":""}
{"logTime": "0323/065159", "correlationVector":"B371B27B686A4EBB98D4C1B558D8B987","action":"FETCH_UX_CONFIG", "result":""}
{"logTime": "0323/065228", "correlationVector":"5QZWa81Dun2dPvDHiz6zt4","action":"EXTENSION_UPDATE_SERVICE", "result":""}
{"logTime": "0323/065241", "correlationVector":"8B1B0A7ADEC44962B03AA2BB9FB4CBF8","action":"FETCH_UX_CONFIG", "result":""}
{"logTime": "0323/065303", "correlationVector":"K5NoyA6VAwUSrBa3rWaDiE","action":"EXTENSION_UPDATE_SERVICE", "result":""}
{"logTime": "0324/035523", "correlationVector":"8B6AE39370BF4D2BB5C61B55737B7B2D","action":"FETCH_UX_CONFIG", "result":""}
{"logTime": "0324/035553", "correlationVector":"6TZfXceFIp7jqEJd3G3wkJ","action":"EXTENSION_UPDATE_SERVICE", "result":""}
{"logTime": "0324/045523", "correlationVector":"B499F1151D8945B088A388E3E58643B3","action":"FETCH_UX_CONFIG", "result":""}
{"logTime": "0324/050603", "correlationVector":"CF1F55AC3D4046F582FD4BA127D74B35","action":"FETCH_UX_CONFIG", "result":""}
{"logTime": "0324/050632", "correlationVector":"xkK42QF/q1vUp4UieHspTf","action":"EXTENSION_UPDATE_SERVICE", "result":""}
{"logTime": "0324/060603", "correlationVector":"27DAA515303742AEAF1BE7640EFC38D6","action":"FETCH_UX_CONFIG", "result":""}
{"logTime": "0324/070603", "correlationVector":"D1B225B13E874A14A5326653A32492F2","action":"FETCH_UX_CONFIG", "result":""}
{"logTime": "0324/080603", "correlationVector":"5EE14B62DD6E457EAA353D5D1A779C58","action":"FETCH_UX_CONFIG", "result":""}
{"logTime": "0324/090603", "correlationVector":"1D7B5951BAA440FCAE5727CDBC507C5E","action":"FETCH_UX_CONFIG", "result":""}
{"logTime": "0324/090732", "correlationVector":"rkFCAQ7sZ5YyvzLFIUvXjI","action":"EXTENSION_UPDATE_SERVICE", "result":""}
{"logTime": "0324/100603", "correlationVector":"39544A4264D54D4493C3B4FC52BB490D","action":"FETCH_UX_CONFIG", "result":""}
{"logTime": "0324/110603", "correlationVector":"C752B86C93AF4D61A8B45C974525EB87","action":"FETCH_UX_CONFIG", "result":""}
{"logTime": "0324/120613", "correlationVector":"3C03CA95875548DD9282371C7D599B57","action":"FETCH_UX_CONFIG", "result":""}
{"logTime": "0324/130604", "correlationVector":"F781889D2BD54C91AD091730DFA6AC08","action":"FETCH_UX_CONFIG", "result":""}
{"logTime": "0324/133653", "correlationVector":"9pTv+meUaCKYBodOt0SkiW","action":"EXTENSION_UPDATE_SERVICE", "result":""}
{"logTime": "0324/142008", "correlationVector":"C652CD2C8BE041E88D51C4AF31CFBA18","action":"FETCH_UX_CONFIG", "result":""}
{"logTime": "0324/154431", "correlationVector":"E0166539D78A44D69B16AD673CFA029D","action":"FETCH_UX_CONFIG", "result":""}
{"logTime": "0324/163245", "correlationVector":"465D7DF984424934959E4CB0B2BE2151","action":"FETCH_UX_CONFIG", "result":""}
{"logTime": "0324/223629", "correlationVector":"0DCEF2E77BD24E02AB09C6CDDB6B1C60","action":"FETCH_UX_CONFIG", "result":""}
{"logTime": "0324/223658", "correlationVector":"SUEU3KVhdlnvJDxg+MUUd+","action":"EXTENSION_UPDATE_SERVICE", "result":""}
{"logTime": "0324/233628", "correlationVector":"A8E088145EA740D8B77D9F097C27A74C","action":"FETCH_UX_CONFIG", "result":""}
{"logTime": "0325/003627", "correlationVector":"F325CC5A96134364A9294ABC65D0305E","action":"FETCH_UX_CONFIG", "result":""}
{"logTime": "0325/013627", "correlationVector":"097C8DE56A584AC0BA3EBF335A39B640","action":"FETCH_UX_CONFIG", "result":""}
{"logTime": "0325/020344", "correlationVector":"CEB7DF39758C4BB7BE47A20E75C8B676","action":"FETCH_UX_CONFIG", "result":""}
{"logTime": "0325/020413", "correlationVector":"2IJ3LXIbxNPIikr0nAxfYF","action":"EXTENSION_UPDATE_SERVICE", "result":""}
{"logTime": "0325/030343", "correlationVector":"C238B02EF8524A46914D6BC34937E2F7","action":"FETCH_UX_CONFIG", "result":""}
{"logTime": "0325/040343", "correlationVector":"7AC51C2ED0C9482DA1B2B82A55552801","action":"FETCH_UX_CONFIG", "result":""}
{"logTime": "0325/050343", "correlationVector":"2F98D3CE62DF4AABAF0EDEA57053C41E","action":"FETCH_UX_CONFIG", "result":""}
{"logTime": "0325/060343", "correlationVector":"E21FDF2427BB4EAF87C8D56B54C585EE","action":"FETCH_UX_CONFIG", "result":""}
{"logTime": "0325/063137", "correlationVector":"uTXRCXpJ2+GJf79hHMrmZ7","action":"EXTENSION_UPDATE_SERVICE", "result":""}
{"logTime": "0325/064649", "correlationVector":"4D37416D6A274164B0CE49E7F0FD15F9","action":"FETCH_UX_CONFIG", "result":""}
{"logTime": "0325/135233", "correlationVector":"q+HWbd9lb58/VRhCcyOtt2","action":"EXTENSION_UPDATE_SERVICE", "result":""}
{"logTime": "0325/135233", "correlationVector":"xN7F6GpHxBKoQMCbtiY1vP","action":"EXTENSION_UPDATE_SERVICE", "result":""}
{"logTime": "0325/135235", "correlationVector":"Phi35XErz7Wn6QnfAIqqHO","action":"EXTENSION_UPDATE_SERVICE", "result":""}
{"logTime": "0325/135235", "correlationVector":"+4QhOon6Hxh7/jvhEU9bYp","action":"EXTENSION_UPDATE_SERVICE", "result":""}
{"logTime": "0325/135235", "correlationVector":"cf/QWMfsWQ3Tr4xQ4RmRlu","action":"EXTENSION_UPDATE_SERVICE", "result":""}
{"logTime": "0325/135235", "correlationVector":"gSyF/4rTC8miLw+7ni3f0b","action":"EXTENSION_UPDATE_SERVICE", "result":""}
{"logTime": "0325/145232", "correlationVector":"4AE0C8420B83481B9730082E6B7E2519","action":"FETCH_UX_CONFIG", "result":""}
{"logTime": "0325/155232", "correlationVector":"8DE965C7E9CD40809205E56CD583E8F6","action":"FETCH_UX_CONFIG", "result":""}
{"logTime": "0325/165232", "correlationVector":"4C5DDFB1CB8E415A836671E4235834DF","action":"FETCH_UX_CONFIG", "result":""}
{"logTime": "0326/003912", "correlationVector":"mkuwF+dJSl8/PTJ02cOINd","action":"EXTENSION_UPDATE_SERVICE", "result":""}
{"logTime": "0326/003916", "correlationVector":"E262A806F5E945F785726FAAA4F85A12","action":"FETCH_UX_CONFIG", "result":""}
{"logTime": "0326/013912", "correlationVector":"6C5E64BEF024493EA7402B157B9A4A01","action":"FETCH_UX_CONFIG", "result":""}
{"logTime": "0326/023912", "correlationVector":"08A84F13E23545CEA3F7B8ADDD208E3F","action":"FETCH_UX_CONFIG", "result":""}
{"logTime": "0326/033912", "correlationVector":"E2BF9769549C4924870CBC94B2C5D651","action":"FETCH_UX_CONFIG", "result":""}
{"logTime": "0326/034922", "correlationVector":"1F3F64956DF74DD78302EF36CC307D8B","action":"FETCH_UX_CONFIG", "result":""}
{"logTime": "0326/034952", "correlationVector":"Jt72L6FDIn7Ekc9fHUn9Te","action":"EXTENSION_UPDATE_SERVICE", "result":""}
{"logTime": "0326/044922", "correlationVector":"2915A47BFE93496F8D30E278B61ED3EC","action":"FETCH_UX_CONFIG", "result":""}
{"logTime": "0326/050235", "correlationVector":"EF780832003A4212A7F20B18E913C6D8","action":"FETCH_UX_CONFIG", "result":""}
{"logTime": "0326/050305", "correlationVector":"Wf1jNKuju5bpTNWqLKpZlR","action":"EXTENSION_UPDATE_SERVICE", "result":""}
{"logTime": "0326/060235", "correlationVector":"A5343EB1F8EB472BA209235867A7A037","action":"FETCH_UX_CONFIG", "result":""}
{"logTime": "0326/140151", "correlationVector":"OQQVCKE/BQMp2rmR5Za1KY","action":"EXTENSION_UPDATE_SERVICE", "result":""}
{"logTime": "0326/140233", "correlationVector":"DTis1XjxPnZdRGMdPZW13V","action":"EXTENSION_UPDATE_SERVICE", "result":""}
{"logTime": "0326/140233", "correlationVector":"mMUrfTDtZn5frG1wW6fAiy","action":"EXTENSION_UPDATE_SERVICE", "result":""}
{"logTime": "0326/140233", "correlationVector":"tOImnl3rdsltxvBhu+nkTf","action":"EXTENSION_UPDATE_SERVICE", "result":""}
{"logTime": "0327/031403", "correlationVector":"1DE6709C4CAA4632A1455A747A9C3B08","action":"FETCH_UX_CONFIG", "result":""}
{"logTime": "0327/031432", "correlationVector":"6gW/KVDZYJMARx53CRSA7b","action":"EXTENSION_UPDATE_SERVICE", "result":""}
{"logTime": "0327/061418", "correlationVector":"45F4044F7803474898A784F8A089A190","action":"FETCH_UX_CONFIG", "result":""}
{"logTime": "0327/071418", "correlationVector":"1DD2CE1DD1B44465823290CE0ED3FDF3","action":"FETCH_UX_CONFIG", "result":""}
{"logTime": "0327/072031", "correlationVector":"Ov3uCNkfVdWs6/rVy1vwBY","action":"EXTENSION_UPDATE_SERVICE", "result":""}
{"logTime": "0327/081418", "correlationVector":"E384983C7F4F48D48F38577C4798D5DC","action":"FETCH_UX_CONFIG", "result":""}
{"logTime": "0327/091607", "correlationVector":"AD3D3837443C4B03A3DB17D307E51B13","action":"FETCH_UX_CONFIG", "result":""}
{"logTime": "0327/100217", "correlationVector":"1C198EB20E1F45AFBAB6467A76C546AE","action":"FETCH_UX_CONFIG", "result":""}
{"logTime": "0327/100246", "correlationVector":"oauD6sceuvQ35cOVsIBEMv","action":"EXTENSION_UPDATE_SERVICE", "result":""}
{"logTime": "0327/110217", "correlationVector":"2D8647C71B6A495BB70CD495914F05F4","action":"FETCH_UX_CONFIG", "result":""}
{"logTime": "0327/120216", "correlationVector":"4954E02AB1B440B1BF8534C83BA6F916","action":"FETCH_UX_CONFIG", "result":""}
{"logTime": "0327/142552", "correlationVector":"12C8DE2B08BB42A5A02DEB2EE0995415","action":"FETCH_UX_CONFIG", "result":""}
{"logTime": "0327/152552", "correlationVector":"E280067B1E834F62A9788CC25661C1E4","action":"FETCH_UX_CONFIG", "result":""}
{"logTime": "0327/152954", "correlationVector":"VMRifiGGgre+ezrQMKOAH3","action":"EXTENSION_UPDATE_SERVICE", "result":""}
{"logTime": "0327/162552", "correlationVector":"15AEF12E4C8446D18D64A4F957920F51","action":"FETCH_UX_CONFIG", "result":""}
{"logTime": "0328/031631", "correlationVector":"BD6CE5B4EF134DB9B01ECDE2A33F77C5","action":"FETCH_UX_CONFIG", "result":""}
{"logTime": "0328/031650", "correlationVector":"C236001F2EAA4670A9D28A366CA6ED9F","action":"FETCH_UX_CONFIG", "result":""}
{"logTime": "0328/031720", "correlationVector":"LthkhkwePJ0oYpu/RGhcWX","action":"EXTENSION_UPDATE_SERVICE", "result":""}
{"logTime": "0328/035229", "correlationVector":"35482897DAE74133999070EAF0695443","action":"FETCH_UX_CONFIG", "result":""}
{"logTime": "0328/035259", "correlationVector":"zubZ6lCLxNuCelYBmmJrWi","action":"EXTENSION_UPDATE_SERVICE", "result":""}
{"logTime": "0328/040043", "correlationVector":"09E8F4D74A8C4EDBA32B68C0E3C0BFE1","action":"FETCH_UX_CONFIG", "result":""}
{"logTime": "0328/040112", "correlationVector":"WX0+6gt53IBB4xO8MpVa3Y","action":"EXTENSION_UPDATE_SERVICE", "result":""}
{"logTime": "0328/050043", "correlationVector":"D90AE38C75F645C38B74103547A34FB6","action":"FETCH_UX_CONFIG", "result":""}
{"logTime": "0328/085823", "correlationVector":"24F42B82C3174A23BD396431AD5ED20A","action":"FETCH_UX_CONFIG", "result":""}
{"logTime": "0328/092426", "correlationVector":"kcAsb33OX0VSOd43F/YR4B","action":"EXTENSION_UPDATE_SERVICE", "result":""}
{"logTime": "0328/095823", "correlationVector":"23021909C60D4F8DAFFEA23CB42919CA","action":"FETCH_UX_CONFIG", "result":""}
{"logTime": "0328/105823", "correlationVector":"636150AA7A974593843E37B3E548195C","action":"FETCH_UX_CONFIG", "result":""}
{"logTime": "0328/111429", "correlationVector":"C27AC42642E747B8B113765A1563C188","action":"FETCH_UX_CONFIG", "result":""}
{"logTime": "0328/111711", "correlationVector":"BpFP7OyyUfDok13dIXmA5G","action":"EXTENSION_UPDATE_SERVICE", "result":""}
{"logTime": "0328/111712", "correlationVector":"AWr6VkB+U5dmdJW/KEMzrN","action":"EXTENSION_UPDATE_SERVICE", "result":""}
{"logTime": "0328/111712", "correlationVector":"DALiNjdoDZWQaCToQq7fEe","action":"EXTENSION_UPDATE_SERVICE", "result":""}
{"logTime": "0329/031421", "correlationVector":"7D1E4151B9724017A46720E4D180474B","action":"FETCH_UX_CONFIG", "result":""}
{"logTime": "0329/031450", "correlationVector":"OeU3TNkHWS2ZRxVn0bD7Hm","action":"EXTENSION_UPDATE_SERVICE", "result":""}
{"logTime": "0329/032120", "correlationVector":"3C0A731D62BD494F8611E8CBFD024322","action":"FETCH_UX_CONFIG", "result":""}
{"logTime": "0329/032150", "correlationVector":"OBYWo2baXc3OiOPi0Z6UbI","action":"EXTENSION_UPDATE_SERVICE", "result":""}
{"logTime": "0329/032210", "correlationVector":"EF9DD47FCCAE4C14BC4E770EF6835FA1","action":"FETCH_UX_CONFIG", "result":""}
{"logTime": "0329/032240", "correlationVector":"d+JxUMD3LrE72ptv0qp/PH","action":"EXTENSION_UPDATE_SERVICE", "result":""}
{"logTime": "0329/032250", "correlationVector":"3D0C0401860841ABAA2C7441AEF29333","action":"FETCH_UX_CONFIG", "result":""}
{"logTime": "0329/032319", "correlationVector":"N9lkXmpsjbW4SHcBK5QFIp","action":"EXTENSION_UPDATE_SERVICE", "result":""}
{"logTime": "0329/032323", "correlationVector":"0413CF45677E438792B26A5FB8DE5914","action":"FETCH_UX_CONFIG", "result":""}
{"logTime": "0329/032353", "correlationVector":"g5FA+UBmWe2MTC3ozl+M5D","action":"EXTENSION_UPDATE_SERVICE", "result":""}
{"logTime": "0329/033327", "correlationVector":"816BE136EFE443D58A67AC8A974D74B1","action":"FETCH_UX_CONFIG", "result":""}
{"logTime": "0331/054109", "correlationVector":"3C0ED4ABC4D442448C898BC2D45813F7","action":"FETCH_UX_CONFIG", "result":""}
{"logTime": "0331/054138", "correlationVector":"cgP7rwL/ZAY83NioEAaUeE","action":"EXTENSION_UPDATE_SERVICE", "result":""}
{"logTime": "0331/061737", "correlationVector":"0C3F7319409047679C17746ECBB48D90","action":"FETCH_UX_CONFIG", "result":""}
{"logTime": "0331/061749", "correlationVector":"19501670D8E247CCBE8C0808E3914393","action":"FETCH_UX_CONFIG", "result":""}
{"logTime": "0331/061819", "correlationVector":"8TL0SHIz85m8d18XiH7ywa","action":"EXTENSION_UPDATE_SERVICE", "result":""}
{"logTime": "0331/175144", "correlationVector":"If2QeNoPTj7PLphmDrMAct","action":"EXTENSION_UPDATE_SERVICE", "result":""}
{"logTime": "0331/175144", "correlationVector":"wOvVQPazNyNa2splUNpArh","action":"EXTENSION_UPDATE_SERVICE", "result":""}
{"logTime": "0331/175144", "correlationVector":"UpFNjgJpzm0/RLdllswyKY","action":"EXTENSION_UPDATE_SERVICE", "result":""}
{"logTime": "0331/224837", "correlationVector":"27B02D5211BF4DB3972A1E341F089D20","action":"FETCH_UX_CONFIG", "result":""}
{"logTime": "0331/225051", "correlationVector":"lDQc1Id8JC2UI+TabJl2cV","action":"EXTENSION_UPDATE_SERVICE", "result":""}
{"logTime": "0331/225051", "correlationVector":"UqGQdrY0f0W0ggMsjmJ0q3","action":"EXTENSION_UPDATE_SERVICE", "result":""}
{"logTime": "0331/225051", "correlationVector":"TV2e69BahBDZJf3MtdFBGy","action":"EXTENSION_UPDATE_SERVICE", "result":""}
{"logTime": "0401/122607", "correlationVector":"KYFMut/Nh+Eq3cwslNPWKb","action":"EXTENSION_UPDATE_SERVICE", "result":""}
{"logTime": "0401/122609", "correlationVector":"L147l02WJE8wt4y2xbxk13","action":"EXTENSION_UPDATE_SERVICE", "result":""}
{"logTime": "0401/122609", "correlationVector":"iptjXOlaDfUjFmycBSGzjL","action":"EXTENSION_UPDATE_SERVICE", "result":""}
{"logTime": "0401/123515", "correlationVector":"LAD41HEkZQB9O93g8XL9nb","action":"EXTENSION_UPDATE_SERVICE", "result":""}
{"logTime": "0401/123515", "correlationVector":"aUiGhMNxLtncz4VJcbBKAx","action":"EXTENSION_UPDATE_SERVICE", "result":""}
{"logTime": "0401/123515", "correlationVector":"S16DSTnPuEWgbuBqDrl13c","action":"EXTENSION_UPDATE_SERVICE", "result":""}
{"logTime": "0401/123714", "correlationVector":"ac7zHsaPexXKXvu63rMWG2","action":"EXTENSION_UPDATE_SERVICE", "result":""}
{"logTime": "0401/123714", "correlationVector":"1xFISz2eDzRiBX1YQvvWMM","action":"EXTENSION_UPDATE_SERVICE", "result":""}
{"logTime": "0401/123714", "correlationVector":"u4cvTO5FV0MwAgNZgbeepb","action":"EXTENSION_UPDATE_SERVICE", "result":""}
{"logTime": "0402/023251", "correlationVector":"60630B782AFD445CA53113BF10FBBA65","action":"FETCH_UX_CONFIG", "result":""}
{"logTime": "0402/023321", "correlationVector":"rWHu00V3pvopHmI2N1/F0b","action":"EXTENSION_UPDATE_SERVICE", "result":""}
{"logTime": "0402/033251", "correlationVector":"5F74BC12A8404FDDA634B4204BC1B8E3","action":"FETCH_UX_CONFIG", "result":""}
{"logTime": "0402/043250", "correlationVector":"5865241625D84366B7810B9D18F0F04F","action":"FETCH_UX_CONFIG", "result":""}
{"logTime": "0402/055826", "correlationVector":"979F8034EBC549B5AD5391D13A5A2928","action":"FETCH_UX_CONFIG", "result":""}
{"logTime": "0402/065826", "correlationVector":"57B020A2637341E4962762A34290418E","action":"FETCH_UX_CONFIG", "result":""}
{"logTime": "0402/075825", "correlationVector":"D7811AF12E704681AED1A3268F469413","action":"FETCH_UX_CONFIG", "result":""}
{"logTime": "0402/080144", "correlationVector":"Lp5+KJwRJY/ERdBBZQgt90","action":"EXTENSION_UPDATE_SERVICE", "result":""}
{"logTime": "0402/085825", "correlationVector":"C6C61B3890584230BFDEB076949A7E89","action":"FETCH_UX_CONFIG", "result":""}
{"logTime": "0402/162306", "correlationVector":"UHQHfxlIKx6P+tTLWSNHQ3","action":"EXTENSION_UPDATE_SERVICE", "result":""}
{"logTime": "0402/162308", "correlationVector":"D32D8D88A1D4445EA8AB0556A7D14D36","action":"FETCH_UX_CONFIG", "result":""}
{"logTime": "0403/042007", "correlationVector":"69E812891A38441AB9151190B98D28D4","action":"FETCH_UX_CONFIG", "result":""}
{"logTime": "0403/042037", "correlationVector":"2Y6xV4l1d6qxMRYZcTMHzJ","action":"EXTENSION_UPDATE_SERVICE", "result":""}
{"logTime": "0403/050512", "correlationVector":"BA750FB3AC0E464E8803E548D8E36D23","action":"FETCH_UX_CONFIG", "result":""}
{"logTime": "0403/050542", "correlationVector":"M0db0owxJGWNax2MY4aUdV","action":"EXTENSION_UPDATE_SERVICE", "result":""}
{"logTime": "0404/161436", "correlationVector":"81E3570A9EE447A79405B6B0CE7F84A6","action":"FETCH_UX_CONFIG", "result":""}
{"logTime": "0404/161504", "correlationVector":"6hZDs9igAyBgYMF0gNBThw","action":"EXTENSION_UPDATE_SERVICE", "result":""}
{"logTime": "0405/042837", "correlationVector":"K1oxvDnxtpUVT3TEiRoCP/","action":"EXTENSION_UPDATE_SERVICE", "result":""}
{"logTime": "0405/083319", "correlationVector":"475EEC1CA6404D32ACB55CA0439317E5","action":"FETCH_UX_CONFIG", "result":""}
{"logTime": "0405/083319", "correlationVector":"cUM8rlEnpr7QlZ3Ik42tlJ","action":"EXTENSION_UPDATE_SERVICE", "result":""}
{"logTime": "0405/105559", "correlationVector":"J3f+9g3PTfmCvutzco2kN9","action":"EXTENSION_UPDATE_SERVICE", "result":""}
{"logTime": "0405/111500", "correlationVector":"80AB96CED4AA4239AD63E0930B896DC0","action":"FETCH_UX_CONFIG", "result":""}
{"logTime": "0405/223436", "correlationVector":"OhcfSb1g+P/cgPV4w9lbey","action":"EXTENSION_UPDATE_SERVICE", "result":""}
{"logTime": "0405/223441", "correlationVector":"6OuAzoMCRcX8XcCO8LPWzI","action":"EXTENSION_UPDATE_SERVICE", "result":""}
{"logTime": "0405/223441", "correlationVector":"EZzWsjrMM8cvgV/mOAOG11","action":"EXTENSION_UPDATE_SERVICE", "result":""}
{"logTime": "0406/030629", "correlationVector":"9BFF952C258E4F248F5A4B0A019AB782","action":"FETCH_UX_CONFIG", "result":""}
{"logTime": "0406/032113", "correlationVector":"C8060120EBE148F78924F3C263D3F3FA","action":"FETCH_UX_CONFIG", "result":""}
{"logTime": "0406/032143", "correlationVector":"bMEeMDzAyREyk64OdUpbST","action":"EXTENSION_UPDATE_SERVICE", "result":""}
{"logTime": "0406/042114", "correlationVector":"9ADBCAECF15F4ACF967B0BD1664B17D8","action":"FETCH_UX_CONFIG", "result":""}
{"logTime": "0406/052114", "correlationVector":"8F6EE1E04C3141669A69F683EBFA7B3F","action":"FETCH_UX_CONFIG", "result":""}
{"logTime": "0406/060707", "correlationVector":"B83006E39D3E457087102E17E27C3142","action":"FETCH_UX_CONFIG", "result":""}
{"logTime": "0406/060737", "correlationVector":"+fElM7wiKXzNEREceFhk+P","action":"EXTENSION_UPDATE_SERVICE", "result":""}
{"logTime": "0406/060850", "correlationVector":"3C339C399A1C4A2DAB3E6799C60D1A32","action":"FETCH_UX_CONFIG", "result":""}
{"logTime": "0406/060920", "correlationVector":"SQCSkRxPVgtXm1G+Cp7GYp","action":"EXTENSION_UPDATE_SERVICE", "result":""}
{"logTime": "0406/073811", "correlationVector":"38399F6091AD4FCD9067336D70CD51C6","action":"FETCH_UX_CONFIG", "result":""}
{"logTime": "0406/083808", "correlationVector":"01D9C43B460A4E5FA49E570FD5C4EED6","action":"FETCH_UX_CONFIG", "result":""}
{"logTime": "0406/093809", "correlationVector":"D900B14243024F8781FA1C880C6635A6","action":"FETCH_UX_CONFIG", "result":""}
{"logTime": "0406/115511", "correlationVector":"wqCf+oHYg0Auy51/U0bQ2Z","action":"EXTENSION_UPDATE_SERVICE", "result":""}
{"logTime": "0406/120042", "correlationVector":"3B1F3326152F4A95BA9B0E6A6C8782F0","action":"FETCH_UX_CONFIG", "result":""}
{"logTime": "0406/122105", "correlationVector":"QrgUuOqRp4beRSfr9ma+H7","action":"EXTENSION_UPDATE_SERVICE", "result":""}
{"logTime": "0406/122107", "correlationVector":"VJmeizpKEyROhFntfKrYJw","action":"EXTENSION_UPDATE_SERVICE", "result":""}
{"logTime": "0406/122107", "correlationVector":"CmGY06/RDv6xzjqawIaUl4","action":"EXTENSION_UPDATE_SERVICE", "result":""}
{"logTime": "0407/024147", "correlationVector":"ZgDMXDfd95CiGrPfxAcYSZ","action":"EXTENSION_UPDATE_SERVICE", "result":""}
{"logTime": "0407/024148", "correlationVector":"qVW8QWhDbeFApkWPCuykIH","action":"EXTENSION_UPDATE_SERVICE", "result":""}
{"logTime": "0407/024148", "correlationVector":"XFA+lgUwAgaxYZwhP7nmSt","action":"EXTENSION_UPDATE_SERVICE", "result":""}
{"logTime": "0407/031933", "correlationVector":"19FA0FCCEFB24D94A49511A1FDE995FD","action":"FETCH_UX_CONFIG", "result":""}
{"logTime": "0407/032003", "correlationVector":"EUcDGjFWQA22fVozWddvas","action":"EXTENSION_UPDATE_SERVICE", "result":""}
{"logTime": "0407/041933", "correlationVector":"0DE4B754340840528CC4CC74061C53A0","action":"FETCH_UX_CONFIG", "result":""}
{"logTime": "0407/051934", "correlationVector":"372373B832F9432B8BF81784F0AB095D","action":"FETCH_UX_CONFIG", "result":""}
{"logTime": "0407/061935", "correlationVector":"1B39C56AE3054289B7032D4F539E5AAA","action":"FETCH_UX_CONFIG", "result":""}
{"logTime": "0407/071933", "correlationVector":"763CE3648C3F43678DE57A43A936C91A","action":"FETCH_UX_CONFIG", "result":""}
{"logTime": "0407/081732", "correlationVector":"wmXtqWRIdoqeKi4pIaEg09","action":"EXTENSION_UPDATE_SERVICE", "result":""}
{"logTime": "0407/081933", "correlationVector":"973F1410E62446BE8DE229F518A53E46","action":"FETCH_UX_CONFIG", "result":""}
{"logTime": "0407/091933", "correlationVector":"AB59C18DC750435ABE28114F728B47DA","action":"FETCH_UX_CONFIG", "result":""}
{"logTime": "0407/100419", "correlationVector":"75D3207FCE3D47BFB493EF761CE47B79","action":"FETCH_UX_CONFIG", "result":""}
{"logTime": "0407/054413", "correlationVector":"15996FC42B464C88B42603492802F350","action":"FETCH_UX_CONFIG", "result":""}
{"logTime": "0407/054443", "correlationVector":"IBA1rOkExx/AtrY8jZ1+QH","action":"EXTENSION_UPDATE_SERVICE", "result":""}
{"logTime": "0407/194751", "correlationVector":"737A1F5033AB41C997A5224191C5959C","action":"FETCH_UX_CONFIG", "result":""}
{"logTime": "0407/194821", "correlationVector":"UkiQWom8mqTbxBdxi4OMZV","action":"EXTENSION_UPDATE_SERVICE", "result":""}
{"logTime": "0407/204726", "correlationVector":"55AECDB165F5469AA56110566B1AA31A","action":"FETCH_UX_CONFIG", "result":""}
{"logTime": "0407/204755", "correlationVector":"VA6Ru/eZeG14ZIvfA3+r+g","action":"EXTENSION_UPDATE_SERVICE", "result":""}
{"logTime": "0408/091647", "correlationVector":"4CE9454DF65E4C9895416B672E4EC356","action":"FETCH_UX_CONFIG", "result":""}
{"logTime": "0408/091715", "correlationVector":"NFVJ8o7xRoITQY0EIQiIFv","action":"EXTENSION_UPDATE_SERVICE", "result":""}
{"logTime": "0408/154645", "correlationVector":"EDB69C42451C42BE9E7E7748FFE1337E","action":"FETCH_UX_CONFIG", "result":""}
{"logTime": "0408/164645", "correlationVector":"B2ACCC22F00840048FB3C4B1270A531A","action":"FETCH_UX_CONFIG", "result":""}
{"logTime": "0408/164935", "correlationVector":"DEFB4799949645CABFF4F31489C59BC6","action":"FETCH_UX_CONFIG", "result":""}
{"logTime": "0408/165005", "correlationVector":"MF/oqehwODnRE0i5EApmEZ","action":"EXTENSION_UPDATE_SERVICE", "result":""}
{"logTime": "0408/174549", "correlationVector":"54597DC4C91340CBA34E97033412599D","action":"FETCH_UX_CONFIG", "result":""}
{"logTime": "0408/174618", "correlationVector":"S5DIngjQCHaB5YSzwkcbAL","action":"EXTENSION_UPDATE_SERVICE", "result":""}
{"logTime": "0409/121553", "correlationVector":"2D951447D5F2451C9FE88CDECEC7287F","action":"FETCH_UX_CONFIG", "result":""}
{"logTime": "0409/121623", "correlationVector":"eZaGuFkd2rw5ZvfJFEsCV5","action":"EXTENSION_UPDATE_SERVICE", "result":""}
{"logTime": "0409/131554", "correlationVector":"388AB1DAED204DDEB1BE96BEE5E84438","action":"FETCH_UX_CONFIG", "result":""}
{"logTime": "0409/131624", "correlationVector":"+6jSdRqc6WrAAsxXKey/jb","action":"EXTENSION_UPDATE_SERVICE", "result":""}
{"logTime": "0409/141554", "correlationVector":"D6A85C5CCA844A8EA94E17EBF6CC1603","action":"FETCH_UX_CONFIG", "result":""}
{"logTime": "0409/170014", "correlationVector":"8148D400883A43C68BBE9CEB1D239F56","action":"FETCH_UX_CONFIG", "result":""}
{"logTime": "0409/170044", "correlationVector":"yY0Q3R7rDx5kOdYTg49D4d","action":"EXTENSION_UPDATE_SERVICE", "result":""}
{"logTime": "0409/172401", "correlationVector":"D2022DC6525D413C8D5D767D7130F108","action":"FETCH_UX_CONFIG", "result":""}
{"logTime": "0410/064330", "correlationVector":"XRQbb9DV55ByRucLUhaLrT","action":"EXTENSION_UPDATE_SERVICE", "result":""}
{"logTime": "0410/071417", "correlationVector":"9DA90B85C1014952BDCB912E042A9D4F","action":"FETCH_UX_CONFIG", "result":""}
{"logTime": "0410/071446", "correlationVector":"XbTbPiz+6TKA0QjOmUslDl","action":"EXTENSION_UPDATE_SERVICE", "result":""}
{"logTime": "0410/081417", "correlationVector":"64ABAB0DAC43437B88D0896353162621","action":"FETCH_UX_CONFIG", "result":""}
{"logTime": "0410/091417", "correlationVector":"05655F691DCF475FB756F40200A011D6","action":"FETCH_UX_CONFIG", "result":""}
{"logTime": "0410/101417", "correlationVector":"5BEDBFC2729342DCA6CDE81C5BAE9E77","action":"FETCH_UX_CONFIG", "result":""}
{"logTime": "0410/111240", "correlationVector":"519EB5A503D442819764089B831F9E02","action":"FETCH_UX_CONFIG", "result":""}
{"logTime": "0410/111309", "correlationVector":"9vYlaj9ji05YUbI0JQBnGG","action":"EXTENSION_UPDATE_SERVICE", "result":""}
{"logTime": "0410/112606", "correlationVector":"A41A8013FCD4434AA3263D54EA834ACF","action":"FETCH_UX_CONFIG", "result":""}
{"logTime": "0410/112635", "correlationVector":"DFDE8B9E585F4A79A1DC4B896FB5E72E","action":"FETCH_UX_CONFIG", "result":""}
{"logTime": "0410/112704", "correlationVector":"OMkuGpaKiUix3H37tyousw","action":"EXTENSION_UPDATE_SERVICE", "result":""}
{"logTime": "0411/112312", "correlationVector":"CDF4E886F7EF4C809C4CD603BAD7C0E3","action":"FETCH_UX_CONFIG", "result":""}
{"logTime": "0411/112326", "correlationVector":"HN0A9fzh5DHr5DAZ7K7BbR","action":"EXTENSION_UPDATE_SERVICE", "result":""}
{"logTime": "0412/040716", "correlationVector":"F79D6D79B49446889F62EFED3674FC6D","action":"FETCH_UX_CONFIG", "result":""}
{"logTime": "0412/040745", "correlationVector":"a7yS0g6c9Uu/8STw9eVvyr","action":"EXTENSION_UPDATE_SERVICE", "result":""}
{"logTime": "0412/050717", "correlationVector":"C94F3AB254CD4F1E8E2C73FCD0B47184","action":"FETCH_UX_CONFIG", "result":""}
{"logTime": "0412/050746", "correlationVector":"rXx2tTErcUvJndkYXNI7IQ","action":"EXTENSION_UPDATE_SERVICE", "result":""}
{"logTime": "0412/072521", "correlationVector":"6C3C3B1CF998458E9F5C0EFB619548D3","action":"FETCH_UX_CONFIG", "result":""}
{"logTime": "0412/144943", "correlationVector":"ummjaEYSESnzu7nO/FqglN","action":"EXTENSION_UPDATE_SERVICE", "result":""}
{"logTime": "0412/144944", "correlationVector":"C68CDDC1B27F4D90AE032438797B9C9B","action":"FETCH_UX_CONFIG", "result":""}
{"logTime": "0412/154944", "correlationVector":"6095BEB39ABB42369B5884C55B8E2322","action":"FETCH_UX_CONFIG", "result":""}
{"logTime": "0412/164944", "correlationVector":"86E4DCE9A3D240C99755A0B414FF6A74","action":"FETCH_UX_CONFIG", "result":""}
{"logTime": "0412/173307", "correlationVector":"5CB7D1545B6F47A59148EF843A2F07CC","action":"FETCH_UX_CONFIG", "result":""}
{"logTime": "0412/173336", "correlationVector":"3r90Hl4UaPOUHX7v8iG4mP","action":"EXTENSION_UPDATE_SERVICE", "result":""}
{"logTime": "0413/030354", "correlationVector":"09E3E45343C04EE69D19FBC3D096A087","action":"FETCH_UX_CONFIG", "result":""}
{"logTime": "0413/030424", "correlationVector":"0mtGD1Ie1TtDwPfdq/yd07","action":"EXTENSION_UPDATE_SERVICE", "result":""}
{"logTime": "0413/040355", "correlationVector":"A211451510124CCABFCBDF15E29DC59C","action":"FETCH_UX_CONFIG", "result":""}
{"logTime": "0413/040424", "correlationVector":"NhkNKN7IhQKsEVPGKb/9CC","action":"EXTENSION_UPDATE_SERVICE", "result":""}
{"logTime": "0413/050355", "correlationVector":"5ECD1D76883C42269DAC7B575C29633F","action":"FETCH_UX_CONFIG", "result":""}
{"logTime": "0413/061127", "correlationVector":"0A070C2CE6CA4825926341B2EA961A93","action":"FETCH_UX_CONFIG", "result":""}
{"logTime": "0413/071126", "correlationVector":"D5B94D94A9694420836C33B05B1E35ED","action":"FETCH_UX_CONFIG", "result":""}
{"logTime": "0413/081126", "correlationVector":"3700FFC6C86D480A9EDD9CF4B1F57B18","action":"FETCH_UX_CONFIG", "result":""}
{"logTime": "0413/082722", "correlationVector":"dfpc4A4aXiWBC3mxGEyJ7d","action":"EXTENSION_UPDATE_SERVICE", "result":""}
{"logTime": "0413/091126", "correlationVector":"7D510F1AFBB74DBBB716E76B36E73441","action":"FETCH_UX_CONFIG", "result":""}
{"logTime": "0413/101126", "correlationVector":"C6E62192C95644AE891C8CFF9D2956DD","action":"FETCH_UX_CONFIG", "result":""}
{"logTime": "0413/111126", "correlationVector":"658BFE2885E34D129D20982A3DDF23B4","action":"FETCH_UX_CONFIG", "result":""}
{"logTime": "0413/151217", "correlationVector":"EQCLW6w7xfHx1ku0uhtp4A","action":"EXTENSION_UPDATE_SERVICE", "result":""}
{"logTime": "0413/161648", "correlationVector":"E2C8BD539DDC403FB5A4DEB1C5263F78","action":"FETCH_UX_CONFIG", "result":""}
{"logTime": "0414/022835", "correlationVector":"EC92CF3A97D144AFB20A38A3579623F6","action":"FETCH_UX_CONFIG", "result":""}
{"logTime": "0414/022905", "correlationVector":"su0UstmjZd2iFg61WNIWt8","action":"EXTENSION_UPDATE_SERVICE", "result":""}
{"logTime": "0414/032836", "correlationVector":"1E3511DA57FF4D2AB910B5F694255502","action":"FETCH_UX_CONFIG", "result":""}
{"logTime": "0414/032906", "correlationVector":"V4hrfJtos9Q5UHsX/aRZGK","action":"EXTENSION_UPDATE_SERVICE", "result":""}
{"logTime": "0414/042836", "correlationVector":"88672CEF6D924A0E80DC18768250E856","action":"FETCH_UX_CONFIG", "result":""}
{"logTime": "0414/052836", "correlationVector":"2233F49291E2497286779165E131EB0F","action":"FETCH_UX_CONFIG", "result":""}
{"logTime": "0414/062836", "correlationVector":"ED93E5BAADFC4C84876B9C18AC95FAD3","action":"FETCH_UX_CONFIG", "result":""}
{"logTime": "0414/072836", "correlationVector":"A3226CEC9AEC42A59C19A8BD1D300A44","action":"FETCH_UX_CONFIG", "result":""}
{"logTime": "0414/082326", "correlationVector":"LksKmrWPti/zyX3dKZkIUS","action":"EXTENSION_UPDATE_SERVICE", "result":""}
{"logTime": "0414/082326", "correlationVector":"ekcMlgw9YPeWtyjPil3pIJ","action":"EXTENSION_UPDATE_SERVICE", "result":""}
{"logTime": "0414/082326", "correlationVector":"13kUkkn+Szjf+LZHpFgEcd","action":"EXTENSION_UPDATE_SERVICE", "result":""}
{"logTime": "0414/102430", "correlationVector":"F92ED12655C545FDA47EF93CBF92D191","action":"FETCH_UX_CONFIG", "result":""}
{"logTime": "0414/103150", "correlationVector":"DF9FDCCCA2714F799D17ACA23C006491","action":"FETCH_UX_CONFIG", "result":""}
{"logTime": "0414/103220", "correlationVector":"a4Acqpy83LeKtE16jT4s4w","action":"EXTENSION_UPDATE_SERVICE", "result":""}
{"logTime": "0414/144239", "correlationVector":"RlFoDCLMVYAhwWBSCECThQ","action":"EXTENSION_UPDATE_SERVICE", "result":""}
{"logTime": "0414/144705", "correlationVector":"D539CF480399471DAD0798F35591C903","action":"FETCH_UX_CONFIG", "result":""}
{"logTime": "0414/163608", "correlationVector":"+p/vUsRzRAIpXVFH7hdFzv","action":"EXTENSION_UPDATE_SERVICE", "result":""}
{"logTime": "0414/231728", "correlationVector":"bhqwcl5VDkokVHMOi5p6Cq","action":"EXTENSION_UPDATE_SERVICE", "result":""}
{"logTime": "0414/231729", "correlationVector":"b6YQhQUnXy8QYgIdGrTkb9","action":"EXTENSION_UPDATE_SERVICE", "result":""}
{"logTime": "0414/231729", "correlationVector":"q6U616xLD2Tzdqy2jx5Sk6","action":"EXTENSION_UPDATE_SERVICE", "result":""}
{"logTime": "0414/231729", "correlationVector":"AwPuhF5MqYqoVHcwQj0X5S","action":"EXTENSION_UPDATE_SERVICE", "result":""}
{"logTime": "0414/231729", "correlationVector":"F6FRqGxz5cX1XWwQHz1LQP","action":"EXTENSION_UPDATE_SERVICE", "result":""}
{"logTime": "0415/023218", "correlationVector":"14BD41EDB5064D2AAD0C315C053A80F9","action":"FETCH_UX_CONFIG", "result":""}
{"logTime": "0415/023248", "correlationVector":"8NLZenPN2rbbYE8UPaCAQq","action":"EXTENSION_UPDATE_SERVICE", "result":""}
{"logTime": "0415/033218", "correlationVector":"D8FBCE999D4C4B6399A5C587075057BD","action":"FETCH_UX_CONFIG", "result":""}
{"logTime": "0415/043218", "correlationVector":"D1661D792BDD44B6A30378A01ED73696","action":"FETCH_UX_CONFIG", "result":""}
{"logTime": "0415/053218", "correlationVector":"387427A8F0E64B7BAF83C9993CED0DA3","action":"FETCH_UX_CONFIG", "result":""}
{"logTime": "0415/063218", "correlationVector":"BDC5AEA9AE8D4FC8B17C65FE5A605355","action":"FETCH_UX_CONFIG", "result":""}
{"logTime": "0415/063812", "correlationVector":"ChscMSEhHSw3KJHVqPRlL4","action":"EXTENSION_UPDATE_SERVICE", "result":""}
{"logTime": "0415/073218", "correlationVector":"01831446B5754CC9A9476C78BF6BB29D","action":"FETCH_UX_CONFIG", "result":""}
{"logTime": "0415/083220", "correlationVector":"0BC16C1D1128458A9600CF0BE65ACADC","action":"FETCH_UX_CONFIG", "result":""}
{"logTime": "0415/083249", "correlationVector":"IsndcfKo/jZZHwgXTfTdYG","action":"EXTENSION_UPDATE_SERVICE", "result":""}
{"logTime": "0415/093220", "correlationVector":"C1B868A1C0E449579C2BDDFB66783A03","action":"FETCH_UX_CONFIG", "result":""}
{"logTime": "0415/103217", "correlationVector":"DBED56F3F5F645FFB05D7BD0BFAE65AD","action":"FETCH_UX_CONFIG", "result":""}
{"logTime": "0415/133908", "correlationVector":"4wnjPi50xV2VJi+/kSpJdu","action":"EXTENSION_UPDATE_SERVICE", "result":""}
{"logTime": "0415/133908", "correlationVector":"zFJHH0o9PRfiP0eCmZ31oQ","action":"EXTENSION_UPDATE_SERVICE", "result":""}
{"logTime": "0415/133908", "correlationVector":"ZVgVOIJ8oTS6TGTWkMO5r0","action":"EXTENSION_UPDATE_SERVICE", "result":""}
{"logTime": "0415/165423", "correlationVector":"D465258C00144D0EB093EF613E241C56","action":"FETCH_UX_CONFIG", "result":""}
{"logTime": "0415/165924", "correlationVector":"791A2E5CF4694A7E8C8C326B9AE2749A","action":"FETCH_UX_CONFIG", "result":""}
{"logTime": "0415/165953", "correlationVector":"WKHdZJpWK6copdIEHIPdUV","action":"EXTENSION_UPDATE_SERVICE", "result":""}
{"logTime": "0415/114535", "correlationVector":"261DEEEE38B542F0B19D4979DD813866","action":"FETCH_UX_CONFIG", "result":""}
{"logTime": "0415/114605", "correlationVector":"MHC7f5Lqzj8jC92R4AECn+","action":"EXTENSION_UPDATE_SERVICE", "result":""}
{"logTime": "0416/015105", "correlationVector":"6B51DBDAD492406B8D06AEE5E9038AD5","action":"FETCH_UX_CONFIG", "result":""}
{"logTime": "0416/015135", "correlationVector":"fcakbtpJRfwtGSiOl0Zuct","action":"EXTENSION_UPDATE_SERVICE", "result":""}
{"logTime": "0416/025105", "correlationVector":"C236427127D2413CA6080C7A316E9086","action":"FETCH_UX_CONFIG", "result":""}
{"logTime": "0416/025135", "correlationVector":"5KhdJXB2Xz65TMVN+or8mD","action":"EXTENSION_UPDATE_SERVICE", "result":""}
{"logTime": "0416/035105", "correlationVector":"E7514BE5FC854236AF3CA6EAC19F8017","action":"FETCH_UX_CONFIG", "result":""}
{"logTime": "0416/045105", "correlationVector":"6F8DFA8A1E9249BA8E96B974B068028C","action":"FETCH_UX_CONFIG", "result":""}
{"logTime": "0416/045958", "correlationVector":"434BBF253BD34FA69C385085347BA2E8","action":"FETCH_UX_CONFIG", "result":""}
{"logTime": "0416/050028", "correlationVector":"u+u9qMj5HbhGwclciTFbpp","action":"EXTENSION_UPDATE_SERVICE", "result":""}
{"logTime": "0416/050123", "correlationVector":"F5BB1BA45F43473B8F7796C38B2D0C21","action":"FETCH_UX_CONFIG", "result":""}
{"logTime": "0416/050126", "correlationVector":"953E2EE3DC3846C3BFFB8311B0F88424","action":"FETCH_UX_CONFIG", "result":""}
{"logTime": "0416/050131", "correlationVector":"8AB7FD2B97BF46ADA7C2BC06B9A77801","action":"FETCH_UX_CONFIG", "result":""}
{"logTime": "0416/050138", "correlationVector":"F7E4D372665C4898A97B000AF51267B0","action":"FETCH_UX_CONFIG", "result":""}
{"logTime": "0416/050143", "correlationVector":"3D2C8B31D1B04816A442560EC6F0819A","action":"FETCH_UX_CONFIG", "result":""}
{"logTime": "0416/050148", "correlationVector":"B52127D4CDE84795B35DC57A8C503EAC","action":"FETCH_UX_CONFIG", "result":""}
{"logTime": "0416/050218", "correlationVector":"d7vkd8W7YYtq8OR4Nd8TZm","action":"EXTENSION_UPDATE_SERVICE", "result":""}
{"logTime": "0416/050236", "correlationVector":"3A76E719F8424E9A8448102CAE04DAC6","action":"FETCH_UX_CONFIG", "result":""}
{"logTime": "0416/050252", "correlationVector":"46039497F0754B1E871C76268AE77CA6","action":"FETCH_UX_CONFIG", "result":""}
{"logTime": "0416/050301", "correlationVector":"AFA181416BC04D9DB6F7510899BC21CE","action":"FETCH_UX_CONFIG", "result":""}
{"logTime": "0416/050306", "correlationVector":"72ECCAF879FC4E7683F661357DAAC4D0","action":"FETCH_UX_CONFIG", "result":""}
{"logTime": "0416/050332", "correlationVector":"EB2E0648FE3643D7ABC42F2F5FA5E120","action":"FETCH_UX_CONFIG", "result":""}
{"logTime": "0416/050338", "correlationVector":"0CE838B3E0F243FF8510E6ECDFE01115","action":"FETCH_UX_CONFIG", "result":""}
{"logTime": "0416/050341", "correlationVector":"9705C57552594041AD62A7BD7F1690B9","action":"FETCH_UX_CONFIG", "result":""}
{"logTime": "0416/050346", "correlationVector":"BCB4ABE6AC66459E93676FFC0F595ACA","action":"FETCH_UX_CONFIG", "result":""}
{"logTime": "0416/050350", "correlationVector":"3AF24F5BE4A14855816DD816DE24DC5D","action":"FETCH_UX_CONFIG", "result":""}
{"logTime": "0416/050354", "correlationVector":"3EDD8786EF824D858D7B7C054B63ACB9","action":"FETCH_UX_CONFIG", "result":""}
{"logTime": "0416/050424", "correlationVector":"XIB+Nf+y7dxViVcs3rmgW9","action":"EXTENSION_UPDATE_SERVICE", "result":""}
{"logTime": "0416/051648", "correlationVector":"48AFE0DDAC724C1BBB2F63FB1CA17A6D","action":"FETCH_UX_CONFIG", "result":""}
{"logTime": "0416/051718", "correlationVector":"78wvDE8Bp0Jm4ffDQhMUmP","action":"EXTENSION_UPDATE_SERVICE", "result":""}
{"logTime": "0416/053113", "correlationVector":"02BEB66291F243FE9A31FD6F68962191","action":"FETCH_UX_CONFIG", "result":""}
{"logTime": "0416/053142", "correlationVector":"g5ARoituaGhw2fUwJqO08k","action":"EXTENSION_UPDATE_SERVICE", "result":""}
{"logTime": "0416/053230", "correlationVector":"94ACDCDA4AA94F569943C97EBF4D55A0","action":"FETCH_UX_CONFIG", "result":""}
{"logTime": "0416/053300", "correlationVector":"FVBe+aeC5Nh0+hWkAbsL9G","action":"EXTENSION_UPDATE_SERVICE", "result":""}
{"logTime": "0416/053620", "correlationVector":"031635B501184DD69B08C2C9A556BB03","action":"FETCH_UX_CONFIG", "result":""}
{"logTime": "0416/053650", "correlationVector":"GrUX6DaFxTs3/iaIxR5PK1","action":"EXTENSION_UPDATE_SERVICE", "result":""}
{"logTime": "0416/063036", "correlationVector":"3D722FAAB06D44ECA956316A3F2EE8E4","action":"FETCH_UX_CONFIG", "result":""}
{"logTime": "0416/063054", "correlationVector":"5BEE59A713074A318ADF648F5D539B6A","action":"FETCH_UX_CONFIG", "result":""}
{"logTime": "0416/063123", "correlationVector":"aYeYzwncXJvu7JOpjjaALm","action":"EXTENSION_UPDATE_SERVICE", "result":""}
{"logTime": "0416/063712", "correlationVector":"EE2A1E2E91A74BC78010836DBD7A3E61","action":"FETCH_UX_CONFIG", "result":""}
{"logTime": "0416/063742", "correlationVector":"OaWFpKgEFNf+s0CCKbvMG8","action":"EXTENSION_UPDATE_SERVICE", "result":""}
{"logTime": "0416/071021", "correlationVector":"Iv2iGjB+tHlrVe0pdZEEKE","action":"EXTENSION_UPDATE_SERVICE", "result":""}
{"logTime": "0416/071730", "correlationVector":"356C592FE190489D9929F66434922F6D","action":"FETCH_UX_CONFIG", "result":""}
{"logTime": "0416/071759", "correlationVector":"sEqeH4PZRGAuNqFEaO7K76","action":"EXTENSION_UPDATE_SERVICE", "result":""}
{"logTime": "0416/073545", "correlationVector":"8359194DE9034A1F87DC89DAD863DE08","action":"FETCH_UX_CONFIG", "result":""}
{"logTime": "0416/073615", "correlationVector":"VRxCdblSAGnUO02N+tDiB6","action":"EXTENSION_UPDATE_SERVICE", "result":""}
{"logTime": "0416/083545", "correlationVector":"C8C5FF79148C4D9B966A4C1C8C66F821","action":"FETCH_UX_CONFIG", "result":""}
{"logTime": "0416/091032", "correlationVector":"rjF4Nlvj6/m0wIWpww5UKU","action":"EXTENSION_UPDATE_SERVICE", "result":""}
{"logTime": "0416/091041", "correlationVector":"Ll3limVi3Hn3UlJ+N9w/YT","action":"EXTENSION_UPDATE_SERVICE", "result":""}
{"logTime": "0416/100148", "correlationVector":"4945168E919D4FAA9AC3D5107A06F9C7","action":"FETCH_UX_CONFIG", "result":""}
{"logTime": "0416/100218", "correlationVector":"THobt0NZ2Rpw9q2+ZHu85z","action":"EXTENSION_UPDATE_SERVICE", "result":""}
{"logTime": "0416/110148", "correlationVector":"EB95D41FA2BC4C1EA0C87EF3B5169E9D","action":"FETCH_UX_CONFIG", "result":""}
{"logTime": "0416/120148", "correlationVector":"3E82B00698534E2EBDBDD9064919733C","action":"FETCH_UX_CONFIG", "result":""}
{"logTime": "0416/130148", "correlationVector":"643007DDA265494886B44C006C186D0B","action":"FETCH_UX_CONFIG", "result":""}
{"logTime": "0416/140148", "correlationVector":"17F4439C57094A28ACC88EEA1B88F38C","action":"FETCH_UX_CONFIG", "result":""}
{"logTime": "0416/145252", "correlationVector":"6AA139D4AED34C9BB63D14E088A0791E","action":"FETCH_UX_CONFIG", "result":""}
{"logTime": "0416/145322", "correlationVector":"JjmlddHDkiBu0gyglvZAtc","action":"EXTENSION_UPDATE_SERVICE", "result":""}
{"logTime": "0416/145708", "correlationVector":"8810FD44D0EC46749112B21597F5E623","action":"FETCH_UX_CONFIG", "result":""}
{"logTime": "0416/145737", "correlationVector":"RhNDx67hP7QpuKxG637Ll0","action":"EXTENSION_UPDATE_SERVICE", "result":""}
{"logTime": "0416/150915", "correlationVector":"A30CE17EE0F94A4FB283A8A0071E9033","action":"FETCH_UX_CONFIG", "result":""}
{"logTime": "0416/150945", "correlationVector":"Ur5yr4BpZj0I6pASSi/1MM","action":"EXTENSION_UPDATE_SERVICE", "result":""}
{"logTime": "0416/160915", "correlationVector":"C4EE206B376C4E6FBEF0A942A3A25F5F","action":"FETCH_UX_CONFIG", "result":""}
{"logTime": "0416/161032", "correlationVector":"B3AF13324FAE4E11BEEDEB4AA58599CA","action":"FETCH_UX_CONFIG", "result":""}
{"logTime": "0416/161102", "correlationVector":"+zAdh+TB0h3lat47w44zSw","action":"EXTENSION_UPDATE_SERVICE", "result":""}
{"logTime": "0416/230039", "correlationVector":"DmpSX5Amef4mDL7CUIhGCT","action":"EXTENSION_UPDATE_SERVICE", "result":""}
{"logTime": "0416/230039", "correlationVector":"KZmoA5bUUbSM4HOcS1bKh5","action":"EXTENSION_UPDATE_SERVICE", "result":""}
{"logTime": "0416/230040", "correlationVector":"SGIJEPs2gya1Tsey2nvmO0","action":"EXTENSION_UPDATE_SERVICE", "result":""}
{"logTime": "0417/000040", "correlationVector":"302E3C281A304E2EA26CD3788C91147A","action":"FETCH_UX_CONFIG", "result":""}
{"logTime": "0417/010040", "correlationVector":"422EDEFBDC6F4364B9C862B32CBD30B5","action":"FETCH_UX_CONFIG", "result":""}
{"logTime": "0417/020040", "correlationVector":"5CD1029664AD4041B971A87B8A74831C","action":"FETCH_UX_CONFIG", "result":""}
{"logTime": "0417/030040", "correlationVector":"9D2A629C5FBC4715B8F5A51E479E0B10","action":"FETCH_UX_CONFIG", "result":""}
{"logTime": "0417/034501", "correlationVector":"DA404BAC7676411380EF7C274DB9B2D4","action":"FETCH_UX_CONFIG", "result":""}
{"logTime": "0417/034531", "correlationVector":"NJWTocS9SVsxutiYGiBHPR","action":"EXTENSION_UPDATE_SERVICE", "result":""}
{"logTime": "0417/044501", "correlationVector":"FCDFE42733754D1FA8B44FD4A574165D","action":"FETCH_UX_CONFIG", "result":""}
{"logTime": "0417/054501", "correlationVector":"BF4FA264714846CD889A197255B4684E","action":"FETCH_UX_CONFIG", "result":""}
{"logTime": "0417/064349", "correlationVector":"49F48CD7975947DEA1D5590D623DAA68","action":"FETCH_UX_CONFIG", "result":""}
{"logTime": "0417/064419", "correlationVector":"N+NldrtfbXoS8QaRwWrCzI","action":"EXTENSION_UPDATE_SERVICE", "result":""}
{"logTime": "0417/093227", "correlationVector":"25CF3210FB634723B689C82E663A25EC","action":"FETCH_UX_CONFIG", "result":""}
{"logTime": "0417/120831", "correlationVector":"ynWwGFLvEmJzepX+G4oCiv","action":"EXTENSION_UPDATE_SERVICE", "result":""}
{"logTime": "0417/120837", "correlationVector":"EvfgJ+yR6VFFCQFIQj5cJJ","action":"EXTENSION_UPDATE_SERVICE", "result":""}
{"logTime": "0417/120916", "correlationVector":"S9K0qT7UZgiCdjgwZH2hVQ","action":"EXTENSION_UPDATE_SERVICE", "result":""}
{"logTime": "0417/130833", "correlationVector":"2D04CA9295B843FEAB5D36FF0D6A35D2","action":"FETCH_UX_CONFIG", "result":""}
{"logTime": "0417/130903", "correlationVector":"v8o01V9S8lw6zRt0nY/X3a","action":"EXTENSION_UPDATE_SERVICE", "result":""}
{"logTime": "0417/140833", "correlationVector":"A47613937BD846AF8A70677140DEF611","action":"FETCH_UX_CONFIG", "result":""}
{"logTime": "0417/150833", "correlationVector":"732FB629E15F498298FEDFCF053D25DC","action":"FETCH_UX_CONFIG", "result":""}
{"logTime": "0417/155646", "correlationVector":"ABE5F0C29F864E5B9AF547145526A00E","action":"FETCH_UX_CONFIG", "result":""}
{"logTime": "0417/155715", "correlationVector":"oqTaZcPIm94zwK/X7rfTYw","action":"EXTENSION_UPDATE_SERVICE", "result":""}
{"logTime": "0417/160018", "correlationVector":"478FF70E05624AD48FC61730D4906AC7","action":"FETCH_UX_CONFIG", "result":""}
{"logTime": "0417/160048", "correlationVector":"5epLG3286ZEfl9eo7Fcxc0","action":"EXTENSION_UPDATE_SERVICE", "result":""}
{"logTime": "0417/160104", "correlationVector":"2BC2C03C499A4D23ACE7BCC10BC0FE31","action":"FETCH_UX_CONFIG", "result":""}
{"logTime": "0417/160134", "correlationVector":"ev+D5dquF1pIMGzU2eIi5p","action":"EXTENSION_UPDATE_SERVICE", "result":""}
{"logTime": "0418/012917", "correlationVector":"674A7DEC9E284C2CA26ADE4296BA2262","action":"FETCH_UX_CONFIG", "result":""}
{"logTime": "0418/012930", "correlationVector":"JgSPspXZAjLLkqf4oql01y","action":"EXTENSION_UPDATE_SERVICE", "result":""}
{"logTime": "0418/020540", "correlationVector":"55FF127CB2EA46CCBA1227AC8F6CD060","action":"FETCH_UX_CONFIG", "result":""}
{"logTime": "0418/020610", "correlationVector":"fa/NjFdKbNeHPMGgta+Ly6","action":"EXTENSION_UPDATE_SERVICE", "result":""}
{"logTime": "0418/030540", "correlationVector":"39790873A10F44D5BB8124F01DBC4E4A","action":"FETCH_UX_CONFIG", "result":""}
{"logTime": "0418/034438", "correlationVector":"B42F79507BDD4D83834873993F37DD28","action":"FETCH_UX_CONFIG", "result":""}
{"logTime": "0418/034446", "correlationVector":"1CA9AF66F9CA4FA991244917051C27C7","action":"FETCH_UX_CONFIG", "result":""}
{"logTime": "0418/034516", "correlationVector":"grUalufyk4FeiZ0YbkB7si","action":"EXTENSION_UPDATE_SERVICE", "result":""}
{"logTime": "0418/034542", "correlationVector":"E0928AF9B5FD4DCFA5553D1A175146D7","action":"FETCH_UX_CONFIG", "result":""}
{"logTime": "0418/034612", "correlationVector":"6t2A6L2cUFbtzr7ZK+Gn33","action":"EXTENSION_UPDATE_SERVICE", "result":""}
{"logTime": "0418/034806", "correlationVector":"C12CE09A7447476898839B94B90046DD","action":"FETCH_UX_CONFIG", "result":""}
{"logTime": "0418/034835", "correlationVector":"nVDLxmeSAhSCbWvCZilb5J","action":"EXTENSION_UPDATE_SERVICE", "result":""}
{"logTime": "0418/035348", "correlationVector":"329EF04A3AF9428BB8A8DA29DEE9F225","action":"FETCH_UX_CONFIG", "result":""}
{"logTime": "0418/035417", "correlationVector":"/eU8qipNSmhxAM+MlFW+dB","action":"EXTENSION_UPDATE_SERVICE", "result":""}
{"logTime": "0418/045347", "correlationVector":"48F51E2C38E54A809F23FB4B9C023258","action":"FETCH_UX_CONFIG", "result":""}
{"logTime": "0418/055348", "correlationVector":"0B604D29ACE94B63BA55751E770B76F7","action":"FETCH_UX_CONFIG", "result":""}
{"logTime": "0418/065347", "correlationVector":"DDD923A3BC8E44BCBEF2433515DDF0BA","action":"FETCH_UX_CONFIG", "result":""}
{"logTime": "0418/161340", "correlationVector":"C210BE03C53E4F298051450807EC1B27","action":"FETCH_UX_CONFIG", "result":""}
{"logTime": "0418/161410", "correlationVector":"YjsLF82AfYTixO/oQEwKPk","action":"EXTENSION_UPDATE_SERVICE", "result":""}
{"logTime": "0418/165622", "correlationVector":"79DC109635CA4133AA793372F6709BCE","action":"FETCH_UX_CONFIG", "result":""}
{"logTime": "0418/165652", "correlationVector":"yP0Sp07BaOXimvodcANjPF","action":"EXTENSION_UPDATE_SERVICE", "result":""}
{"logTime": "0419/012826", "correlationVector":"426ED1A9206549A0804F856FB5B47416","action":"FETCH_UX_CONFIG", "result":""}
{"logTime": "0419/012855", "correlationVector":"2NjmiZJJBSwR97+Rc0YF2o","action":"EXTENSION_UPDATE_SERVICE", "result":""}
{"logTime": "0419/022826", "correlationVector":"E582B3B3C0D74BF1990C0025907B3B89","action":"FETCH_UX_CONFIG", "result":""}
