Apr 18 08:03:40.000 INFO Removing files from base directory of "C:\\Users\\gayat\\AppData\\Local\\Programs\\Microsoft VS Code\\Code.exe", preserving commit folder: 560a9dba96, main_exe: Some("Code.exe"), proxy_exe: None
Apr 18 08:03:40.005 INFO remove_files: "C:\\Users\\gayat\\AppData\\Local\\Programs\\Microsoft VS Code\\Code.exe", commit: 560a9dba96, main_exe: Some("Code.exe"), proxy_exe: None
Apr 18 08:03:40.005 INFO Reading top-level directory: "C:\\Users\\gayat\\AppData\\Local\\Programs\\Microsoft VS Code"
Apr 18 08:03:40.005 INFO Skipping commit folder: "C:\\Users\\gayat\\AppData\\Local\\Programs\\Microsoft VS Code\\560a9dba96"
Apr 18 08:03:40.005 INFO Processing bin directory: "C:\\Users\\gayat\\AppData\\Local\\Programs\\Microsoft VS Code\\bin"
Apr 18 08:03:40.005 INFO Skipping non-old file in bin: "C:\\Users\\gayat\\AppData\\Local\\Programs\\Microsoft VS Code\\bin\\code"
Apr 18 08:03:40.006 INFO Skipping non-old file in bin: "C:\\Users\\gayat\\AppData\\Local\\Programs\\Microsoft VS Code\\bin\\code-tunnel.exe"
Apr 18 08:03:40.006 INFO Skipping non-old file in bin: "C:\\Users\\gayat\\AppData\\Local\\Programs\\Microsoft VS Code\\bin\\code.cmd"
Apr 18 08:03:40.006 INFO Will delete old file in bin: "C:\\Users\\gayat\\AppData\\Local\\Programs\\Microsoft VS Code\\bin\\old_code"
Apr 18 08:03:40.006 INFO Get file handle: "C:\\Users\\gayat\\AppData\\Local\\Programs\\Microsoft VS Code\\bin\\old_code" (attempt 1)
Apr 18 08:03:40.006 INFO Will delete old file in bin: "C:\\Users\\gayat\\AppData\\Local\\Programs\\Microsoft VS Code\\bin\\old_code-tunnel.exe"
Apr 18 08:03:40.006 INFO Get file handle: "C:\\Users\\gayat\\AppData\\Local\\Programs\\Microsoft VS Code\\bin\\old_code-tunnel.exe" (attempt 1)
Apr 18 08:03:40.006 INFO Will delete old file in bin: "C:\\Users\\gayat\\AppData\\Local\\Programs\\Microsoft VS Code\\bin\\old_code.cmd"
Apr 18 08:03:40.006 INFO Get file handle: "C:\\Users\\gayat\\AppData\\Local\\Programs\\Microsoft VS Code\\bin\\old_code.cmd" (attempt 1)
Apr 18 08:03:40.006 INFO Skipping code_path executable: "C:\\Users\\gayat\\AppData\\Local\\Programs\\Microsoft VS Code\\Code.exe"
Apr 18 08:03:40.006 INFO Skipping VisualElementsManifest.xml: "C:\\Users\\gayat\\AppData\\Local\\Programs\\Microsoft VS Code\\Code.VisualElementsManifest.xml"
Apr 18 08:03:40.006 INFO Get file handle: "C:\\Users\\gayat\\AppData\\Local\\Programs\\Microsoft VS Code\\old_Code.exe" (attempt 1)
Apr 18 08:03:40.006 INFO Get file handle: "C:\\Users\\gayat\\AppData\\Local\\Programs\\Microsoft VS Code\\old_Code.VisualElementsManifest.xml" (attempt 1)
Apr 18 08:03:40.006 INFO Skipping unins file: "C:\\Users\\gayat\\AppData\\Local\\Programs\\Microsoft VS Code\\unins000.dat"
Apr 18 08:03:40.006 INFO Skipping unins file: "C:\\Users\\gayat\\AppData\\Local\\Programs\\Microsoft VS Code\\unins000.exe"
Apr 18 08:03:40.006 INFO Skipping unins file: "C:\\Users\\gayat\\AppData\\Local\\Programs\\Microsoft VS Code\\unins000.msg"
Apr 18 08:03:40.006 INFO Collected all directories and file handles for removal
Apr 18 08:03:40.006 INFO All file handles marked for deletion
Apr 18 08:03:40.006 INFO All files deleted
Apr 18 08:03:40.006 INFO Delete directory recursively: "C:\\Users\\gayat\\AppData\\Local\\Programs\\Microsoft VS Code\\41dd792b5e" (attempt 1)
Apr 18 08:03:42.087 INFO File removal operation completed
Apr 18 08:03:42.091 INFO Successfully completed file removal operation
