Apr 17 10:32:35.379 INFO Removing files from base directory of "C:\\Users\\gayat\\AppData\\Local\\Programs\\Microsoft VS Code\\Code.exe", preserving commit folder: 41dd792b5e, main_exe: Some("Code.exe"), proxy_exe: None
Apr 17 10:32:35.380 INFO remove_files: "C:\\Users\\gayat\\AppData\\Local\\Programs\\Microsoft VS Code\\Code.exe", commit: 41dd792b5e, main_exe: Some("Code.exe"), proxy_exe: None
Apr 17 10:32:35.380 INFO Reading top-level directory: "C:\\Users\\gayat\\AppData\\Local\\Programs\\Microsoft VS Code"
Apr 17 10:32:35.381 INFO Skipping commit folder: "C:\\Users\\gayat\\AppData\\Local\\Programs\\Microsoft VS Code\\41dd792b5e"
Apr 17 10:32:35.381 INFO Processing bin directory: "C:\\Users\\gayat\\AppData\\Local\\Programs\\Microsoft VS Code\\bin"
Apr 17 10:32:35.381 INFO Skipping non-old file in bin: "C:\\Users\\gayat\\AppData\\Local\\Programs\\Microsoft VS Code\\bin\\code"
Apr 17 10:32:35.381 INFO Skipping non-old file in bin: "C:\\Users\\gayat\\AppData\\Local\\Programs\\Microsoft VS Code\\bin\\code-tunnel.exe"
Apr 17 10:32:35.381 INFO Skipping non-old file in bin: "C:\\Users\\gayat\\AppData\\Local\\Programs\\Microsoft VS Code\\bin\\code.cmd"
Apr 17 10:32:35.381 INFO Skipping non-old file in bin: "C:\\Users\\gayat\\AppData\\Local\\Programs\\Microsoft VS Code\\bin\\new_code"
Apr 17 10:32:35.381 INFO Skipping non-old file in bin: "C:\\Users\\gayat\\AppData\\Local\\Programs\\Microsoft VS Code\\bin\\new_code-tunnel.exe"
Apr 17 10:32:35.381 INFO Skipping non-old file in bin: "C:\\Users\\gayat\\AppData\\Local\\Programs\\Microsoft VS Code\\bin\\new_code.cmd"
Apr 17 10:32:35.381 INFO Skipping code_path executable: "C:\\Users\\gayat\\AppData\\Local\\Programs\\Microsoft VS Code\\Code.exe"
Apr 17 10:32:35.381 INFO Skipping VisualElementsManifest.xml: "C:\\Users\\gayat\\AppData\\Local\\Programs\\Microsoft VS Code\\Code.VisualElementsManifest.xml"
Apr 17 10:32:35.381 INFO Skipping unins file: "C:\\Users\\gayat\\AppData\\Local\\Programs\\Microsoft VS Code\\unins000.dat"
Apr 17 10:32:35.381 INFO Skipping unins file: "C:\\Users\\gayat\\AppData\\Local\\Programs\\Microsoft VS Code\\unins000.exe"
Apr 17 10:32:35.381 INFO Skipping unins file: "C:\\Users\\gayat\\AppData\\Local\\Programs\\Microsoft VS Code\\unins000.msg"
Apr 17 10:32:35.381 INFO Collected all directories and file handles for removal
Apr 17 10:32:35.381 INFO All file handles marked for deletion
Apr 17 10:32:35.381 INFO All files deleted
Apr 17 10:32:35.381 INFO File removal operation completed
Apr 17 10:32:35.381 INFO Successfully completed file removal operation
